Archive member included to satisfy reference by file (symbol)

libFreeRTOS-Kernel.a(tasks.c.o)
                              CMakeFiles/led_task.dir/main.c.o (xTaskCreate)
libFreeRTOS-Kernel.a(queue.c.o)
                              CMakeFiles/led_task.dir/main.c.o (xQueueGenericCreate)
libFreeRTOS-Kernel.a(list.c.o)
                              libFreeRTOS-Kernel.a(tasks.c.o) (vListInitialise)
libFreeRTOS-Kernel.a(timers.c.o)
                              libFreeRTOS-Kernel.a(tasks.c.o) (xTimerCreateTimerTask)
libFreeRTOS-Kernel.a(port.c.o)
                              libFreeRTOS-Kernel.a(tasks.c.o) (pxPortInitialiseStack)
libFreeRTOS-Kernel.a(heap_4.c.o)
                              libFreeRTOS-Kernel.a(tasks.c.o) (pvPortMalloc)
/usr/lib/gcc/arm-none-eabi/10.3.1/thumb/v6-m/nofp/libgcc.a(_dvmd_tls.o)
                              CMakeFiles/led_task.dir/home/na_osdc/osdc/rpi_pico/pico/pico-sdk/src/rp2_common/pico_divider/divider_hardware.S.o (__aeabi_idiv0)
/usr/lib/gcc/arm-none-eabi/10.3.1/../../../arm-none-eabi/lib/thumb/v6-m/nofp/libg.a(lib_a-atexit.o)
                              /usr/lib/gcc/arm-none-eabi/10.3.1/../../../arm-none-eabi/lib/thumb/v6-m/nofp/crt0.o (atexit)
/usr/lib/gcc/arm-none-eabi/10.3.1/../../../arm-none-eabi/lib/thumb/v6-m/nofp/libg.a(lib_a-calloc.o)
                              CMakeFiles/led_task.dir/home/na_osdc/osdc/rpi_pico/pico/pico-sdk/src/rp2_common/pico_malloc/malloc.c.o (calloc)
/usr/lib/gcc/arm-none-eabi/10.3.1/../../../arm-none-eabi/lib/thumb/v6-m/nofp/libg.a(lib_a-callocr.o)
                              /usr/lib/gcc/arm-none-eabi/10.3.1/../../../arm-none-eabi/lib/thumb/v6-m/nofp/libg.a(lib_a-calloc.o) (_calloc_r)
/usr/lib/gcc/arm-none-eabi/10.3.1/../../../arm-none-eabi/lib/thumb/v6-m/nofp/libg.a(lib_a-fini.o)
                              /usr/lib/gcc/arm-none-eabi/10.3.1/../../../arm-none-eabi/lib/thumb/v6-m/nofp/crt0.o (__libc_fini_array)
/usr/lib/gcc/arm-none-eabi/10.3.1/../../../arm-none-eabi/lib/thumb/v6-m/nofp/libg.a(lib_a-impure.o)
                              /usr/lib/gcc/arm-none-eabi/10.3.1/../../../arm-none-eabi/lib/thumb/v6-m/nofp/libg.a(lib_a-calloc.o) (_impure_ptr)
/usr/lib/gcc/arm-none-eabi/10.3.1/../../../arm-none-eabi/lib/thumb/v6-m/nofp/libg.a(lib_a-init.o)
                              /usr/lib/gcc/arm-none-eabi/10.3.1/../../../arm-none-eabi/lib/thumb/v6-m/nofp/crt0.o (__libc_init_array)
/usr/lib/gcc/arm-none-eabi/10.3.1/../../../arm-none-eabi/lib/thumb/v6-m/nofp/libg.a(lib_a-lcltime_r.o)
                              CMakeFiles/led_task.dir/home/na_osdc/osdc/rpi_pico/pico/pico-sdk/src/common/pico_util/datetime.c.o (localtime_r)
/usr/lib/gcc/arm-none-eabi/10.3.1/../../../arm-none-eabi/lib/thumb/v6-m/nofp/libg.a(lib_a-malloc.o)
                              CMakeFiles/led_task.dir/home/na_osdc/osdc/rpi_pico/pico/pico-sdk/src/rp2_common/pico_malloc/malloc.c.o (malloc)
/usr/lib/gcc/arm-none-eabi/10.3.1/../../../arm-none-eabi/lib/thumb/v6-m/nofp/libg.a(lib_a-mallocr.o)
                              /usr/lib/gcc/arm-none-eabi/10.3.1/../../../arm-none-eabi/lib/thumb/v6-m/nofp/libg.a(lib_a-callocr.o) (_malloc_r)
/usr/lib/gcc/arm-none-eabi/10.3.1/../../../arm-none-eabi/lib/thumb/v6-m/nofp/libg.a(lib_a-memcmp.o)
                              CMakeFiles/led_task.dir/home/na_osdc/osdc/rpi_pico/pico/pico-sdk/src/rp2_common/pico_atomic/atomic.c.o (memcmp)
/usr/lib/gcc/arm-none-eabi/10.3.1/../../../arm-none-eabi/lib/thumb/v6-m/nofp/libg.a(lib_a-mktime.o)
                              CMakeFiles/led_task.dir/home/na_osdc/osdc/rpi_pico/pico/pico-sdk/src/common/pico_util/datetime.c.o (mktime)
/usr/lib/gcc/arm-none-eabi/10.3.1/../../../arm-none-eabi/lib/thumb/v6-m/nofp/libg.a(lib_a-mlock.o)
                              /usr/lib/gcc/arm-none-eabi/10.3.1/../../../arm-none-eabi/lib/thumb/v6-m/nofp/libg.a(lib_a-mallocr.o) (__malloc_lock)
/usr/lib/gcc/arm-none-eabi/10.3.1/../../../arm-none-eabi/lib/thumb/v6-m/nofp/libg.a(lib_a-month_lengths.o)
                              /usr/lib/gcc/arm-none-eabi/10.3.1/../../../arm-none-eabi/lib/thumb/v6-m/nofp/libg.a(lib_a-lcltime_r.o) (__month_lengths)
/usr/lib/gcc/arm-none-eabi/10.3.1/../../../arm-none-eabi/lib/thumb/v6-m/nofp/libg.a(lib_a-realloc.o)
                              CMakeFiles/led_task.dir/home/na_osdc/osdc/rpi_pico/pico/pico-sdk/src/rp2_common/pico_malloc/malloc.c.o (realloc)
/usr/lib/gcc/arm-none-eabi/10.3.1/../../../arm-none-eabi/lib/thumb/v6-m/nofp/libg.a(lib_a-reallocr.o)
                              /usr/lib/gcc/arm-none-eabi/10.3.1/../../../arm-none-eabi/lib/thumb/v6-m/nofp/libg.a(lib_a-realloc.o) (_realloc_r)
/usr/lib/gcc/arm-none-eabi/10.3.1/../../../arm-none-eabi/lib/thumb/v6-m/nofp/libg.a(lib_a-sbrkr.o)
                              /usr/lib/gcc/arm-none-eabi/10.3.1/../../../arm-none-eabi/lib/thumb/v6-m/nofp/libg.a(lib_a-mallocr.o) (_sbrk_r)
/usr/lib/gcc/arm-none-eabi/10.3.1/../../../arm-none-eabi/lib/thumb/v6-m/nofp/libg.a(lib_a-strlen-stub.o)
[...]
Memory Configuration

Name             Origin             Length             Attributes
FLASH            0x0000000010000000 0x0000000000200000 xr
RAM              0x0000000020000000 0x0000000000040000 xrw
SCRATCH_X        0x0000000020040000 0x0000000000001000 xrw
SCRATCH_Y        0x0000000020041000 0x0000000000001000 xrw
*default*        0x0000000000000000 0xffffffffffffffff

Linker script and memory map

LOAD /usr/lib/gcc/arm-none-eabi/10.3.1/thumb/v6-m/nofp/crti.o
LOAD /usr/lib/gcc/arm-none-eabi/10.3.1/thumb/v6-m/nofp/crtbegin.o
LOAD /usr/lib/gcc/arm-none-eabi/10.3.1/../../../arm-none-eabi/lib/thumb/v6-m/nofp/crt0.o

.flash_begin    0x0000000010000000        0x0
                0x0000000010000000                __flash_binary_start = .

.boot2          0x0000000010000000      0x100
                0x0000000010000000                __boot2_start__ = .
 *(.boot2)
 .boot2         0x0000000010000000      0x100 pico-sdk/src/rp2040/boot_stage2/CMakeFiles/bs2_default_library.dir/bs2_default_padded_checksummed.S.o
                0x0000000010000100                __boot2_end__ = .
                0x0000000000000001                ASSERT (((__boot2_end__ - __boot2_start__) == 0x100), ERROR: Pico second stage bootloader must be 256 bytes in size)

.text           0x0000000010000100     0x81fc
                0x0000000010000100                __logical_binary_start = .
 *(.vectors)
 .vectors       0x0000000010000100       0xd4 CMakeFiles/led_task.dir/home/na_osdc/osdc/rpi_pico/pico/pico-sdk/src/rp2_common/pico_crt0/crt0.S.o
                0x0000000010000100                __vectors
                0x0000000010000100                __VECTOR_TABLE
                0x00000000100001c0                isr_invalid
                0x00000000100001c0                __default_isrs_start
                0x00000000100001c2                isr_nmi
                0x00000000100001c4                isr_hardfault
                0x00000000100001cc                isr_irq30
                0x00000000100001cc                __unhandled_user_irq
                0x00000000100001cc                isr_irq13
                0x00000000100001cc                isr_irq27
                0x00000000100001cc                isr_irq31
                0x00000000100001cc                isr_irq5
                0x00000000100001cc                isr_irq11
                0x00000000100001cc                isr_irq23
                0x00000000100001cc                isr_irq18
                0x00000000100001cc                isr_irq28
                0x00000000100001cc                isr_irq19
                0x00000000100001cc                isr_irq0
                0x00000000100001cc                isr_irq6
                0x00000000100001cc                isr_irq22
                0x00000000100001cc                isr_irq17
                0x00000000100001cc                isr_irq14
                0x00000000100001cc                isr_irq2
                0x00000000100001cc                isr_irq10
                0x00000000100001cc                isr_irq8
                0x00000000100001cc                isr_irq24
                0x00000000100001cc                isr_irq1
                0x00000000100001cc                isr_irq7
                0x00000000100001cc                isr_irq21
                0x00000000100001cc                isr_irq20
                0x00000000100001cc                isr_irq15
                0x00000000100001cc                isr_irq25
                0x00000000100001cc                isr_irq4
                0x00000000100001cc                isr_irq16
                0x00000000100001cc                isr_irq29
                0x00000000100001cc                isr_irq26
                0x00000000100001cc                __default_isrs_end
                0x00000000100001cc                isr_irq3
                0x00000000100001cc                isr_irq12
                0x00000000100001cc                isr_irq9
                0x00000000100001d2                unhandled_user_irq_num_in_r0
 *(.binary_info_header)
 .binary_info_header
                0x00000000100001d4       0x14 CMakeFiles/led_task.dir/home/na_osdc/osdc/rpi_pico/pico/pico-sdk/src/rp2_common/pico_crt0/crt0.S.o
                0x00000000100001e8                __binary_info_header_end = .
 *(.embedded_block)
                0x00000000100001e8                __embedded_block_end = .
 *(.reset)
 .reset         0x00000000100001e8       0x9c CMakeFiles/led_task.dir/home/na_osdc/osdc/rpi_pico/pico/pico-sdk/src/rp2_common/pico_crt0/crt0.S.o
                0x00000000100001e8                _entry_point
 *(.init)
 .init          0x0000000010000284        0x4 /usr/lib/gcc/arm-none-eabi/10.3.1/thumb/v6-m/nofp/crti.o
                0x0000000010000284                _init
 *(EXCLUDE_FILE(*libm.a: *libc.a:*lib_a-mem*.o *libgcc.a:) .text*)
 .text          0x0000000010000288       0x98 /usr/lib/gcc/arm-none-eabi/10.3.1/thumb/v6-m/nofp/crtbegin.o
 .text.led_on_task
                0x0000000010000320       0x44 CMakeFiles/led_task.dir/main.c.o
                0x0000000010000320                led_on_task
 .text.led_off_task
                0x0000000010000364       0x34 CMakeFiles/led_task.dir/main.c.o
                0x0000000010000364                led_off_task
 .text.startup.main
                0x0000000010000398       0x7c CMakeFiles/led_task.dir/main.c.o
                0x0000000010000398                main
 .text.gpio_init
                0x0000000010000414       0x40 CMakeFiles/led_task.dir/home/na_osdc/osdc/rpi_pico/pico/pico-sdk/src/rp2_common/hardware_gpio/gpio.c.o
                0x0000000010000414                gpio_init
 .text.rp2040_chip_version
                0x0000000010000454        0xc CMakeFiles/led_task.dir/home/na_osdc/osdc/rpi_pico/pico/pico-sdk/src/rp2040/pico_platform/platform.c.o
                0x0000000010000454                rp2040_chip_version
 .text.panic    0x0000000010000460       0x30 CMakeFiles/led_task.dir/home/na_osdc/osdc/rpi_pico/pico/pico-sdk/src/rp2_common/pico_platform_panic/panic.c.o
                0x0000000010000460                panic
 .text.panic_unsupported
                0x0000000010000490        0xc CMakeFiles/led_task.dir/home/na_osdc/osdc/rpi_pico/pico/pico-sdk/src/rp2_common/pico_platform_panic/panic.c.o
                0x0000000010000490                panic_unsupported
 .text.hw_claim_or_assert
                0x000000001000049c       0x44 CMakeFiles/led_task.dir/home/na_osdc/osdc/rpi_pico/pico/pico-sdk/src/common/hardware_claim/claim.c.o
                0x000000001000049c                hw_claim_or_assert
 .text.hw_claim_unused_from_range
                0x00000000100004e0       0x9c CMakeFiles/led_task.dir/home/na_osdc/osdc/rpi_pico/pico/pico-sdk/src/common/hardware_claim/claim.c.o
                0x00000000100004e0                hw_claim_unused_from_range
 .text.next_striped_spin_lock_num
                0x000000001000057c       0x18 CMakeFiles/led_task.dir/home/na_osdc/osdc/rpi_pico/pico/pico-sdk/src/rp2_common/hardware_sync/sync.c.o
                0x000000001000057c                next_striped_spin_lock_num
 .text.spin_lock_claim_unused
                0x0000000010000594       0x20 CMakeFiles/led_task.dir/home/na_osdc/osdc/rpi_pico/pico/pico-sdk/src/rp2_common/hardware_sync/sync.c.o
                0x0000000010000594                spin_lock_claim_unused
 .text.spin_locks_reset
                0x00000000100005b4       0x1c CMakeFiles/led_task.dir/home/na_osdc/osdc/rpi_pico/pico/pico-sdk/src/rp2_common/hardware_sync_spin_lock/sync_spin_lock.c.o
                0x00000000100005b4                spin_locks_reset
 .text.runtime_init_per_core_irq_priorities
                0x00000000100005d0       0x24 CMakeFiles/led_task.dir/home/na_osdc/osdc/rpi_pico/pico/pico-sdk/src/rp2_common/hardware_irq/irq.c.o
                0x00000000100005d0                runtime_init_per_core_irq_priorities
 .text.irq_set_enabled
                0x00000000100005f4       0x24 CMakeFiles/led_task.dir/home/na_osdc/osdc/rpi_pico/pico/pico-sdk/src/rp2_common/hardware_irq/irq.c.o
                0x00000000100005f4                irq_set_enabled
 .text.irq_is_enabled
                0x0000000010000618       0x18 CMakeFiles/led_task.dir/home/na_osdc/osdc/rpi_pico/pico/pico-sdk/src/rp2_common/hardware_irq/irq.c.o
                0x0000000010000618                irq_is_enabled
 .text.irq_set_pending
                0x0000000010000630       0x10 CMakeFiles/led_task.dir/home/na_osdc/osdc/rpi_pico/pico/pico-sdk/src/rp2_common/hardware_irq/irq.c.o
                0x0000000010000630                irq_set_pending
 .text.irq_has_shared_handler
                0x0000000010000640       0x24 CMakeFiles/led_task.dir/home/na_osdc/osdc/rpi_pico/pico/pico-sdk/src/rp2_common/hardware_irq/irq.c.o
                0x0000000010000640                irq_has_shared_handler
 .text.irq_set_exclusive_handler
                0x0000000010000664       0x54 CMakeFiles/led_task.dir/home/na_osdc/osdc/rpi_pico/pico/pico-sdk/src/rp2_common/hardware_irq/irq.c.o
                0x0000000010000664                irq_set_exclusive_handler
 .text.irq_add_shared_handler
                0x00000000100006b8      0x1e8 CMakeFiles/led_task.dir/home/na_osdc/osdc/rpi_pico/pico/pico-sdk/src/rp2_common/hardware_irq/irq.c.o
                0x00000000100006b8                irq_add_shared_handler
 .text.irq_add_tail_to_free_list
                0x00000000100008a0       0xb4 CMakeFiles/led_task.dir/home/na_osdc/osdc/rpi_pico/pico/pico-sdk/src/rp2_common/hardware_irq/irq.c.o
                0x00000000100008a0                irq_add_tail_to_free_list
 .text.user_irq_claim_unused
                0x0000000010000954       0x28 CMakeFiles/led_task.dir/home/na_osdc/osdc/rpi_pico/pico/pico-sdk/src/rp2_common/hardware_irq/irq.c.o
                0x0000000010000954                user_irq_claim_unused
 .text.lock_init
                0x000000001000097c       0x10 CMakeFiles/led_task.dir/home/na_osdc/osdc/rpi_pico/pico/pico-sdk/src/common/pico_sync/lock_core.c.o
                0x000000001000097c                lock_init
 .text.runtime_init_mutex
                0x000000001000098c       0x58 CMakeFiles/led_task.dir/home/na_osdc/osdc/rpi_pico/pico/pico-sdk/src/common/pico_sync/mutex.c.o
                0x000000001000098c                runtime_init_mutex
 .text.mutex_init
                0x00000000100009e4       0x1c CMakeFiles/led_task.dir/home/na_osdc/osdc/rpi_pico/pico/pico-sdk/src/common/pico_sync/mutex.c.o
                0x00000000100009e4                mutex_init
 .text.critical_section_init
                0x0000000010000a00       0x20 CMakeFiles/led_task.dir/home/na_osdc/osdc/rpi_pico/pico/pico-sdk/src/common/pico_sync/critical_section.c.o
                0x0000000010000a00                critical_section_init
 .text.critical_section_init_with_lock_num
                0x0000000010000a20       0x14 CMakeFiles/led_task.dir/home/na_osdc/osdc/rpi_pico/pico/pico-sdk/src/common/pico_sync/critical_section.c.o
                0x0000000010000a20                critical_section_init_with_lock_num
 .text.sleep_until_callback
                0x0000000010000a34       0x30 CMakeFiles/led_task.dir/home/na_osdc/osdc/rpi_pico/pico/pico-sdk/src/common/pico_time/time.c.o
 .text.alarm_pool_irq_handler
                0x0000000010000a64      0x308 CMakeFiles/led_task.dir/home/na_osdc/osdc/rpi_pico/pico/pico-sdk/src/common/pico_time/time.c.o
 .text.runtime_init_default_alarm_pool
                0x0000000010000d6c       0xdc CMakeFiles/led_task.dir/home/na_osdc/osdc/rpi_pico/pico/pico-sdk/src/common/pico_time/time.c.o
                0x0000000010000d6c                runtime_init_default_alarm_pool
 .text.alarm_pool_get_default
                0x0000000010000e48        0x8 CMakeFiles/led_task.dir/home/na_osdc/osdc/rpi_pico/pico/pico-sdk/src/common/pico_time/time.c.o
                0x0000000010000e48                alarm_pool_get_default
 .text.alarm_pool_add_alarm_at
                0x0000000010000e50       0xc8 CMakeFiles/led_task.dir/home/na_osdc/osdc/rpi_pico/pico/pico-sdk/src/common/pico_time/time.c.o
                0x0000000010000e50                alarm_pool_add_alarm_at
 .text.alarm_pool_add_alarm_at_force_in_context
                0x0000000010000f18       0xb0 CMakeFiles/led_task.dir/home/na_osdc/osdc/rpi_pico/pico/pico-sdk/src/common/pico_time/time.c.o
                0x0000000010000f18                alarm_pool_add_alarm_at_force_in_context
 .text.alarm_pool_cancel_alarm
                0x0000000010000fc8       0x7c CMakeFiles/led_task.dir/home/na_osdc/osdc/rpi_pico/pico/pico-sdk/src/common/pico_time/time.c.o
                0x0000000010000fc8                alarm_pool_cancel_alarm
 .text.alarm_pool_core_num
                0x0000000010001044        0x4 CMakeFiles/led_task.dir/home/na_osdc/osdc/rpi_pico/pico/pico-sdk/src/common/pico_time/time.c.o
                0x0000000010001044                alarm_pool_core_num
 .text.sleep_until
                0x0000000010001048       0xd0 CMakeFiles/led_task.dir/home/na_osdc/osdc/rpi_pico/pico/pico-sdk/src/common/pico_time/time.c.o
                0x0000000010001048                sleep_until
 .text.sleep_ms
                0x0000000010001118       0x34 CMakeFiles/led_task.dir/home/na_osdc/osdc/rpi_pico/pico/pico-sdk/src/common/pico_time/time.c.o
                0x0000000010001118                sleep_ms
 .text.best_effort_wfe_or_timeout
                0x000000001000114c       0xfc CMakeFiles/led_task.dir/home/na_osdc/osdc/rpi_pico/pico/pico-sdk/src/common/pico_time/time.c.o
                0x000000001000114c                best_effort_wfe_or_timeout
 .text.timer_hardware_alarm_claim
                0x0000000010001248       0x14 CMakeFiles/led_task.dir/home/na_osdc/osdc/rpi_pico/pico/pico-sdk/src/rp2_common/hardware_timer/timer.c.o
                0x0000000010001248                timer_hardware_alarm_claim
 .text.timer_time_us_64
                0x000000001000125c       0x10 CMakeFiles/led_task.dir/home/na_osdc/osdc/rpi_pico/pico/pico-sdk/src/rp2_common/hardware_timer/timer.c.o
                0x000000001000125c                timer_time_us_64
 .text.time_us_64
                0x000000001000126c       0x14 CMakeFiles/led_task.dir/home/na_osdc/osdc/rpi_pico/pico/pico-sdk/src/rp2_common/hardware_timer/timer.c.o
                0x000000001000126c                time_us_64
 .text.busy_wait_until
                0x0000000010001280       0x20 CMakeFiles/led_task.dir/home/na_osdc/osdc/rpi_pico/pico/pico-sdk/src/rp2_common/hardware_timer/timer.c.o
                0x0000000010001280                busy_wait_until
 .text.clock_configure_int_divider
                0x00000000100012a0       0xf4 CMakeFiles/led_task.dir/home/na_osdc/osdc/rpi_pico/pico/pico-sdk/src/rp2_common/hardware_clocks/clocks.c.o
                0x00000000100012a0                clock_configure_int_divider
 .text.clock_configure_undivided
                0x0000000010001394       0xe8 CMakeFiles/led_task.dir/home/na_osdc/osdc/rpi_pico/pico/pico-sdk/src/rp2_common/hardware_clocks/clocks.c.o
                0x0000000010001394                clock_configure_undivided
 .text.clock_get_hz
                0x000000001000147c        0xc CMakeFiles/led_task.dir/home/na_osdc/osdc/rpi_pico/pico/pico-sdk/src/rp2_common/hardware_clocks/clocks.c.o
                0x000000001000147c                clock_get_hz
 .text.pll_init
                0x0000000010001488       0xa0 CMakeFiles/led_task.dir/home/na_osdc/osdc/rpi_pico/pico/pico-sdk/src/rp2_common/hardware_pll/pll.c.o
                0x0000000010001488                pll_init
 .text.watchdog_reboot
                0x0000000010001528       0x98 CMakeFiles/led_task.dir/home/na_osdc/osdc/rpi_pico/pico/pico-sdk/src/rp2_common/hardware_watchdog/watchdog.c.o
                0x0000000010001528                watchdog_reboot
 .text.tick_start
                0x00000000100015c0       0x10 CMakeFiles/led_task.dir/home/na_osdc/osdc/rpi_pico/pico/pico-sdk/src/rp2_common/hardware_ticks/ticks.c.o
                0x00000000100015c0                tick_start
 .text.rom_func_lookup
                0x00000000100015d0       0x10 CMakeFiles/led_task.dir/home/na_osdc/osdc/rpi_pico/pico/pico-sdk/src/rp2_common/pico_bootrom/bootrom.c.o
                0x00000000100015d0                rom_func_lookup
 .text.rom_data_lookup
                0x00000000100015e0       0x10 CMakeFiles/led_task.dir/home/na_osdc/osdc/rpi_pico/pico/pico-sdk/src/rp2_common/pico_bootrom/bootrom.c.o
                0x00000000100015e0                rom_data_lookup
 .text.rom_funcs_lookup
                0x00000000100015f0       0x44 CMakeFiles/led_task.dir/home/na_osdc/osdc/rpi_pico/pico/pico-sdk/src/rp2_common/pico_bootrom/bootrom.c.o
                0x00000000100015f0                rom_funcs_lookup
 .text.rom_reset_usb_boot_extra
                0x0000000010001634       0x28 CMakeFiles/led_task.dir/home/na_osdc/osdc/rpi_pico/pico/pico-sdk/src/rp2_common/pico_bootrom/bootrom.c.o
                0x0000000010001634                rom_reset_usb_boot_extra
 .text.xosc_init
                0x000000001000165c       0x28 CMakeFiles/led_task.dir/home/na_osdc/osdc/rpi_pico/pico/pico-sdk/src/rp2_common/hardware_xosc/xosc.c.o
                0x000000001000165c                xosc_init
 .text.first_per_core_initializer
                0x0000000010001684        0x4 CMakeFiles/led_task.dir/home/na_osdc/osdc/rpi_pico/pico/pico-sdk/src/rp2_common/pico_runtime/runtime.c.o
 .text.hard_assertion_failure
                0x0000000010001688        0xc CMakeFiles/led_task.dir/home/na_osdc/osdc/rpi_pico/pico/pico-sdk/src/rp2_common/pico_runtime/runtime.c.o
                0x0000000010001688                hard_assertion_failure
 .text.runtime_run_initializers
                0x0000000010001694       0x28 CMakeFiles/led_task.dir/home/na_osdc/osdc/rpi_pico/pico/pico-sdk/src/rp2_common/pico_runtime/runtime.c.o
                0x0000000010001694                runtime_run_initializers
 .text.runtime_init_early_resets
                0x00000000100016bc       0x2c CMakeFiles/led_task.dir/home/na_osdc/osdc/rpi_pico/pico/pico-sdk/src/rp2_common/pico_runtime_init/runtime_init.c.o
                0x00000000100016bc                runtime_init_early_resets
 .text.runtime_init_usb_power_down
                0x00000000100016e8       0x1c CMakeFiles/led_task.dir/home/na_osdc/osdc/rpi_pico/pico/pico-sdk/src/rp2_common/pico_runtime_init/runtime_init.c.o
                0x00000000100016e8                runtime_init_usb_power_down
 .text.runtime_init_post_clock_resets
                0x0000000010001704       0x20 CMakeFiles/led_task.dir/home/na_osdc/osdc/rpi_pico/pico/pico-sdk/src/rp2_common/pico_runtime_init/runtime_init.c.o
                0x0000000010001704                runtime_init_post_clock_resets
 .text.runtime_init_rp2040_gpio_ie_disable
                0x0000000010001724       0x14 CMakeFiles/led_task.dir/home/na_osdc/osdc/rpi_pico/pico/pico-sdk/src/rp2_common/pico_runtime_init/runtime_init.c.o
                0x0000000010001724                runtime_init_rp2040_gpio_ie_disable
 .text.runtime_init_spin_locks_reset
                0x0000000010001738        0x8 CMakeFiles/led_task.dir/home/na_osdc/osdc/rpi_pico/pico/pico-sdk/src/rp2_common/pico_runtime_init/runtime_init.c.o
                0x0000000010001738                runtime_init_spin_locks_reset
 .text.runtime_init_install_ram_vector_table
                0x0000000010001740       0x1c CMakeFiles/led_task.dir/home/na_osdc/osdc/rpi_pico/pico/pico-sdk/src/rp2_common/pico_runtime_init/runtime_init.c.o
                0x0000000010001740                runtime_init_install_ram_vector_table
 .text.runtime_init_clocks
                0x000000001000175c       0xd8 CMakeFiles/led_task.dir/home/na_osdc/osdc/rpi_pico/pico/pico-sdk/src/rp2_common/pico_runtime_init/runtime_init_clocks.c.o
                0x000000001000175c                runtime_init_clocks
 .text          0x0000000010001834       0x10 CMakeFiles/led_task.dir/home/na_osdc/osdc/rpi_pico/pico/pico-sdk/src/rp2_common/pico_bit_ops/bit_ops_aeabi.S.o
 .text.__wrap___aeabi_uidiv
                0x0000000010001844       0x4c CMakeFiles/led_task.dir/home/na_osdc/osdc/rpi_pico/pico/pico-sdk/src/rp2_common/pico_divider/divider_hardware.S.o
                0x0000000010001844                __wrap___aeabi_uidiv
                0x0000000010001844                __wrap___aeabi_uidivmod
                0x0000000010001844                div_u32u32
                0x0000000010001844                divmod_u32u32
                0x000000001000184c                divmod_u32u32_unsafe
                0x0000000010001874                divmod_u32u32_savestate
 .text.__aeabi_double_init
                0x0000000010001890       0xa0 CMakeFiles/led_task.dir/home/na_osdc/osdc/rpi_pico/pico/pico-sdk/src/rp2_common/pico_double/double_init_rom_rp2040.c.o
                0x0000000010001890                __aeabi_double_init
 .text.double_table_shim_on_use_helper
                0x0000000010001930       0x2c CMakeFiles/led_task.dir/home/na_osdc/osdc/rpi_pico/pico/pico-sdk/src/rp2_common/pico_double/double_v1_rom_shim_rp2040.S.o
                0x0000000010001930                double_table_shim_on_use_helper
 .text.__aeabi_lmul
                0x000000001000195c       0x32 CMakeFiles/led_task.dir/home/na_osdc/osdc/rpi_pico/pico/pico-sdk/src/rp2_common/pico_int64_ops/pico_int64_ops_aeabi.S.o
                0x000000001000195c                __wrap___aeabi_lmul
 *fill*         0x000000001000198e        0x2 
 .text.__aeabi_float_init
                0x0000000010001990       0x64 CMakeFiles/led_task.dir/home/na_osdc/osdc/rpi_pico/pico/pico-sdk/src/rp2_common/pico_float/float_init_rom_rp2040.c.o
                0x0000000010001990                __aeabi_float_init
 .text.float_table_shim_on_use_helper
                0x00000000100019f4       0x2c CMakeFiles/led_task.dir/home/na_osdc/osdc/rpi_pico/pico/pico-sdk/src/rp2_common/pico_float/float_v1_rom_shim_rp2040.S.o
                0x00000000100019f4                float_table_shim_on_use_helper
 .text          0x0000000010001a20       0x10 CMakeFiles/led_task.dir/home/na_osdc/osdc/rpi_pico/pico/pico-sdk/src/rp2_common/pico_mem_ops/mem_ops_aeabi.S.o
                0x0000000010001a20                __aeabi_mem_init
 .text.memset   0x0000000010001a30        0xc CMakeFiles/led_task.dir/home/na_osdc/osdc/rpi_pico/pico/pico-sdk/src/rp2_common/pico_mem_ops/mem_ops_aeabi.S.o
                0x0000000010001a30                __wrap_memset
 .text.memcpy   0x0000000010001a3c        0xc CMakeFiles/led_task.dir/home/na_osdc/osdc/rpi_pico/pico/pico-sdk/src/rp2_common/pico_mem_ops/mem_ops_aeabi.S.o
                0x0000000010001a3c                __wrap___aeabi_memcpy
                0x0000000010001a3c                __wrap_memcpy
 .text._out_char
                0x0000000010001a48       0x10 CMakeFiles/led_task.dir/home/na_osdc/osdc/rpi_pico/pico/pico-sdk/src/rp2_common/pico_printf/printf.c.o
 .text.weak_raw_vprintf
                0x0000000010001a58       0x30 CMakeFiles/led_task.dir/home/na_osdc/osdc/rpi_pico/pico/pico-sdk/src/rp2_common/pico_printf/printf.c.o
                0x0000000010001a58                weak_raw_vprintf
 .text._exit    0x0000000010001a88        0x4 CMakeFiles/led_task.dir/home/na_osdc/osdc/rpi_pico/pico/pico-sdk/src/rp2_common/pico_clib_interface/newlib_interface.c.o
                0x0000000010001a88                _exit
 .text.exit     0x0000000010001a8c        0x8 CMakeFiles/led_task.dir/home/na_osdc/osdc/rpi_pico/pico/pico-sdk/src/rp2_common/pico_clib_interface/newlib_interface.c.o
                0x0000000010001a8c                exit
 .text.runtime_init
                0x0000000010001a94       0x2c CMakeFiles/led_task.dir/home/na_osdc/osdc/rpi_pico/pico/pico-sdk/src/rp2_common/pico_clib_interface/newlib_interface.c.o
                0x0000000010001a94                runtime_init
 .text.stdio_out_chars_no_crlf
                0x0000000010001ac0       0x10 CMakeFiles/led_task.dir/home/na_osdc/osdc/rpi_pico/pico/pico-sdk/src/rp2_common/pico_stdio/stdio.c.o
 .text.stdio_out_chars_crlf
                0x0000000010001ad0       0xb4 CMakeFiles/led_task.dir/home/na_osdc/osdc/rpi_pico/pico/pico-sdk/src/rp2_common/pico_stdio/stdio.c.o
 .text.stdio_put_string
                0x0000000010001b84      0x100 CMakeFiles/led_task.dir/home/na_osdc/osdc/rpi_pico/pico/pico-sdk/src/rp2_common/pico_stdio/stdio.c.o
                0x0000000010001b84                stdio_put_string
 .text.stdio_set_driver_enabled
                0x0000000010001c84       0x30 CMakeFiles/led_task.dir/home/na_osdc/osdc/rpi_pico/pico/pico-sdk/src/rp2_common/pico_stdio/stdio.c.o
                0x0000000010001c84                stdio_set_driver_enabled
 .text.__wrap_putchar
                0x0000000010001cb4       0x98 CMakeFiles/led_task.dir/home/na_osdc/osdc/rpi_pico/pico/pico-sdk/src/rp2_common/pico_stdio/stdio.c.o
                0x0000000010001cb4                stdio_putchar
                0x0000000010001cb4                __wrap_putchar
 .text.__wrap_puts
                0x0000000010001d4c       0x3c CMakeFiles/led_task.dir/home/na_osdc/osdc/rpi_pico/pico/pico-sdk/src/rp2_common/pico_stdio/stdio.c.o
                0x0000000010001d4c                __wrap_puts
                0x0000000010001d4c                stdio_puts
 .text.resetd_init
                0x0000000010001d88        0x4 CMakeFiles/led_task.dir/home/na_osdc/osdc/rpi_pico/pico/pico-sdk/src/rp2_common/pico_stdio_usb/reset_interface.c.o
 .text.resetd_reset
                0x0000000010001d8c        0xc CMakeFiles/led_task.dir/home/na_osdc/osdc/rpi_pico/pico/pico-sdk/src/rp2_common/pico_stdio_usb/reset_interface.c.o
 .text.resetd_open
                0x0000000010001d98       0x28 CMakeFiles/led_task.dir/home/na_osdc/osdc/rpi_pico/pico/pico-sdk/src/rp2_common/pico_stdio_usb/reset_interface.c.o
 .text.resetd_xfer_cb
                0x0000000010001dc0        0x4 CMakeFiles/led_task.dir/home/na_osdc/osdc/rpi_pico/pico/pico-sdk/src/rp2_common/pico_stdio_usb/reset_interface.c.o
 .text.resetd_control_xfer_cb
                0x0000000010001dc4       0x60 CMakeFiles/led_task.dir/home/na_osdc/osdc/rpi_pico/pico/pico-sdk/src/rp2_common/pico_stdio_usb/reset_interface.c.o
 .text.tud_descriptor_bos_cb
                0x0000000010001e24        0x8 CMakeFiles/led_task.dir/home/na_osdc/osdc/rpi_pico/pico/pico-sdk/src/rp2_common/pico_stdio_usb/reset_interface.c.o
                0x0000000010001e24                tud_descriptor_bos_cb
 .text.tud_vendor_control_xfer_cb
                0x0000000010001e2c       0x34 CMakeFiles/led_task.dir/home/na_osdc/osdc/rpi_pico/pico/pico-sdk/src/rp2_common/pico_stdio_usb/reset_interface.c.o
                0x0000000010001e2c                tud_vendor_control_xfer_cb
 .text.usbd_app_driver_get_cb
                0x0000000010001e60        0xc CMakeFiles/led_task.dir/home/na_osdc/osdc/rpi_pico/pico/pico-sdk/src/rp2_common/pico_stdio_usb/reset_interface.c.o
                0x0000000010001e60                usbd_app_driver_get_cb
 .text.tud_cdc_line_coding_cb
                0x0000000010001e6c       0x2c CMakeFiles/led_task.dir/home/na_osdc/osdc/rpi_pico/pico/pico-sdk/src/rp2_common/pico_stdio_usb/reset_interface.c.o
                0x0000000010001e6c                tud_cdc_line_coding_cb
 .text.stdio_usb_set_chars_available_callback
                0x0000000010001e98       0x14 CMakeFiles/led_task.dir/home/na_osdc/osdc/rpi_pico/pico/pico-sdk/src/rp2_common/pico_stdio_usb/stdio_usb.c.o
                0x0000000010001e98                stdio_usb_set_chars_available_callback
 .text.usb_irq  0x0000000010001eac       0x10 CMakeFiles/led_task.dir/home/na_osdc/osdc/rpi_pico/pico/pico-sdk/src/rp2_common/pico_stdio_usb/stdio_usb.c.o
 .text.timer_task
                0x0000000010001ebc       0x64 CMakeFiles/led_task.dir/home/na_osdc/osdc/rpi_pico/pico/pico-sdk/src/rp2_common/pico_stdio_usb/stdio_usb.c.o
 .text.stdio_usb_in_chars
                0x0000000010001f20       0x90 CMakeFiles/led_task.dir/home/na_osdc/osdc/rpi_pico/pico/pico-sdk/src/rp2_common/pico_stdio_usb/stdio_usb.c.o
                0x0000000010001f20                stdio_usb_in_chars
 .text.stdio_usb_out_flush
                0x0000000010001fb0       0x50 CMakeFiles/led_task.dir/home/na_osdc/osdc/rpi_pico/pico/pico-sdk/src/rp2_common/pico_stdio_usb/stdio_usb.c.o
 .text.stdio_usb_out_chars
                0x0000000010002000      0x100 CMakeFiles/led_task.dir/home/na_osdc/osdc/rpi_pico/pico/pico-sdk/src/rp2_common/pico_stdio_usb/stdio_usb.c.o
 .text.low_priority_worker_irq
                0x0000000010002100       0xc8 CMakeFiles/led_task.dir/home/na_osdc/osdc/rpi_pico/pico/pico-sdk/src/rp2_common/pico_stdio_usb/stdio_usb.c.o
 .text.stdio_usb_init
                0x00000000100021c8       0xe8 CMakeFiles/led_task.dir/home/na_osdc/osdc/rpi_pico/pico/pico-sdk/src/rp2_common/pico_stdio_usb/stdio_usb.c.o
                0x00000000100021c8                stdio_usb_init
 .text.tud_descriptor_device_cb
                0x00000000100022b0        0x8 CMakeFiles/led_task.dir/home/na_osdc/osdc/rpi_pico/pico/pico-sdk/src/rp2_common/pico_stdio_usb/stdio_usb_descriptors.c.o
                0x00000000100022b0                tud_descriptor_device_cb
 .text.tud_descriptor_configuration_cb
                0x00000000100022b8        0x8 CMakeFiles/led_task.dir/home/na_osdc/osdc/rpi_pico/pico/pico-sdk/src/rp2_common/pico_stdio_usb/stdio_usb_descriptors.c.o
                0x00000000100022b8                tud_descriptor_configuration_cb
 .text.tud_descriptor_string_cb
                0x00000000100022c0       0x74 CMakeFiles/led_task.dir/home/na_osdc/osdc/rpi_pico/pico/pico-sdk/src/rp2_common/pico_stdio_usb/stdio_usb_descriptors.c.o
                0x00000000100022c0                tud_descriptor_string_cb
 .text.startup._retrieve_unique_id_on_boot
                0x0000000010002334       0x10 CMakeFiles/led_task.dir/home/na_osdc/osdc/rpi_pico/pico/pico-sdk/src/rp2_common/pico_unique_id/unique_id.c.o
 .text.pico_get_unique_board_id_string
                0x0000000010002344      0x1a8 CMakeFiles/led_task.dir/home/na_osdc/osdc/rpi_pico/pico/pico-sdk/src/rp2_common/pico_unique_id/unique_id.c.o
                0x0000000010002344                pico_get_unique_board_id_string
 .text.flash_get_unique_id
                0x00000000100024ec       0x40 CMakeFiles/led_task.dir/home/na_osdc/osdc/rpi_pico/pico/pico-sdk/src/rp2_common/hardware_flash/flash.c.o
                0x00000000100024ec                flash_get_unique_id
 .text.dcd_init
                0x000000001000252c       0x90 CMakeFiles/led_task.dir/home/na_osdc/osdc/rpi_pico/pico/pico-sdk/lib/tinyusb/src/portable/raspberrypi/rp2040/dcd_rp2040.c.o
                0x000000001000252c                dcd_init
 .text.dcd_int_enable
                0x00000000100025bc        0xc CMakeFiles/led_task.dir/home/na_osdc/osdc/rpi_pico/pico/pico-sdk/lib/tinyusb/src/portable/raspberrypi/rp2040/dcd_rp2040.c.o
                0x00000000100025bc                dcd_int_enable
 .text.dcd_set_address
                0x00000000100025c8       0x14 CMakeFiles/led_task.dir/home/na_osdc/osdc/rpi_pico/pico/pico-sdk/lib/tinyusb/src/portable/raspberrypi/rp2040/dcd_rp2040.c.o
                0x00000000100025c8                dcd_set_address
 .text.dcd_sof_enable
                0x00000000100025dc       0x1c CMakeFiles/led_task.dir/home/na_osdc/osdc/rpi_pico/pico/pico-sdk/lib/tinyusb/src/portable/raspberrypi/rp2040/dcd_rp2040.c.o
                0x00000000100025dc                dcd_sof_enable
 .text.dcd_edpt0_status_complete
                0x00000000100025f8       0x1c CMakeFiles/led_task.dir/home/na_osdc/osdc/rpi_pico/pico/pico-sdk/lib/tinyusb/src/portable/raspberrypi/rp2040/dcd_rp2040.c.o
                0x00000000100025f8                dcd_edpt0_status_complete
 .text.dcd_edpt_open
                0x0000000010002614      0x114 CMakeFiles/led_task.dir/home/na_osdc/osdc/rpi_pico/pico/pico-sdk/lib/tinyusb/src/portable/raspberrypi/rp2040/dcd_rp2040.c.o
                0x0000000010002614                dcd_edpt_open
 .text.dcd_edpt_close_all
                0x0000000010002728        0x8 CMakeFiles/led_task.dir/home/na_osdc/osdc/rpi_pico/pico/pico-sdk/lib/tinyusb/src/portable/raspberrypi/rp2040/dcd_rp2040.c.o
                0x0000000010002728                dcd_edpt_close_all
 .text.dcd_edpt_xfer
                0x0000000010002730       0x24 CMakeFiles/led_task.dir/home/na_osdc/osdc/rpi_pico/pico/pico-sdk/lib/tinyusb/src/portable/raspberrypi/rp2040/dcd_rp2040.c.o
                0x0000000010002730                dcd_edpt_xfer
 .text.dcd_edpt_stall
                0x0000000010002754       0x38 CMakeFiles/led_task.dir/home/na_osdc/osdc/rpi_pico/pico/pico-sdk/lib/tinyusb/src/portable/raspberrypi/rp2040/dcd_rp2040.c.o
                0x0000000010002754                dcd_edpt_stall
 .text.dcd_edpt_clear_stall
                0x000000001000278c       0x30 CMakeFiles/led_task.dir/home/na_osdc/osdc/rpi_pico/pico/pico-sdk/lib/tinyusb/src/portable/raspberrypi/rp2040/dcd_rp2040.c.o
                0x000000001000278c                dcd_edpt_clear_stall
 .text.rp2040_usb_init
                0x00000000100027bc       0x40 CMakeFiles/led_task.dir/home/na_osdc/osdc/rpi_pico/pico/pico-sdk/lib/tinyusb/src/portable/raspberrypi/rp2040/rp2040_usb.c.o
                0x00000000100027bc                rp2040_usb_init
 .text.hw_endpoint_xfer_start
                0x00000000100027fc       0x50 CMakeFiles/led_task.dir/home/na_osdc/osdc/rpi_pico/pico/pico-sdk/lib/tinyusb/src/portable/raspberrypi/rp2040/rp2040_usb.c.o
                0x00000000100027fc                hw_endpoint_xfer_start
 .text.tud_event_hook_cb
                0x000000001000284c        0x4 CMakeFiles/led_task.dir/home/na_osdc/osdc/rpi_pico/pico/pico-sdk/lib/tinyusb/src/device/usbd.c.o
                0x000000001000284c                tud_event_hook_cb
 .text.tud_sof_cb
                0x0000000010002850        0x4 CMakeFiles/led_task.dir/home/na_osdc/osdc/rpi_pico/pico/pico-sdk/lib/tinyusb/src/device/usbd.c.o
                0x0000000010002850                tud_sof_cb
 .text.tud_descriptor_device_qualifier_cb
                0x0000000010002854        0x4 CMakeFiles/led_task.dir/home/na_osdc/osdc/rpi_pico/pico/pico-sdk/lib/tinyusb/src/device/usbd.c.o
                0x0000000010002854                tud_descriptor_device_qualifier_cb
 .text.tud_descriptor_other_speed_configuration_cb
                0x0000000010002858        0x4 CMakeFiles/led_task.dir/home/na_osdc/osdc/rpi_pico/pico/pico-sdk/lib/tinyusb/src/device/usbd.c.o
                0x0000000010002858                tud_descriptor_other_speed_configuration_cb
 .text.tud_mount_cb
                0x000000001000285c        0x4 CMakeFiles/led_task.dir/home/na_osdc/osdc/rpi_pico/pico/pico-sdk/lib/tinyusb/src/device/usbd.c.o
                0x000000001000285c                tud_mount_cb
 .text.tud_umount_cb
                0x0000000010002860        0x4 CMakeFiles/led_task.dir/home/na_osdc/osdc/rpi_pico/pico/pico-sdk/lib/tinyusb/src/device/usbd.c.o
                0x0000000010002860                tud_umount_cb
 .text.tud_suspend_cb
                0x0000000010002864        0x4 CMakeFiles/led_task.dir/home/na_osdc/osdc/rpi_pico/pico/pico-sdk/lib/tinyusb/src/device/usbd.c.o
                0x0000000010002864                tud_suspend_cb
 .text.tud_resume_cb
                0x0000000010002868        0x4 CMakeFiles/led_task.dir/home/na_osdc/osdc/rpi_pico/pico/pico-sdk/lib/tinyusb/src/device/usbd.c.o
                0x0000000010002868                tud_resume_cb
 .text.tud_mounted
                0x000000001000286c       0x10 CMakeFiles/led_task.dir/home/na_osdc/osdc/rpi_pico/pico/pico-sdk/lib/tinyusb/src/device/usbd.c.o
                0x000000001000286c                tud_mounted
 .text.tud_suspended
                0x000000001000287c       0x10 CMakeFiles/led_task.dir/home/na_osdc/osdc/rpi_pico/pico/pico-sdk/lib/tinyusb/src/device/usbd.c.o
                0x000000001000287c                tud_suspended
 .text.tud_rhport_init
                0x000000001000288c       0xf4 CMakeFiles/led_task.dir/home/na_osdc/osdc/rpi_pico/pico/pico-sdk/lib/tinyusb/src/device/usbd.c.o
                0x000000001000288c                tud_rhport_init
 .text.tud_task_ext
                0x0000000010002980      0x800 CMakeFiles/led_task.dir/home/na_osdc/osdc/rpi_pico/pico/pico-sdk/lib/tinyusb/src/device/usbd.c.o
                0x0000000010002980                tud_task_ext
 .text.usbd_open_edpt_pair
                0x0000000010003180       0x9c CMakeFiles/led_task.dir/home/na_osdc/osdc/rpi_pico/pico/pico-sdk/lib/tinyusb/src/device/usbd.c.o
                0x0000000010003180                usbd_open_edpt_pair
 .text.usbd_edpt_open
                0x000000001000321c       0x34 CMakeFiles/led_task.dir/home/na_osdc/osdc/rpi_pico/pico/pico-sdk/lib/tinyusb/src/device/usbd.c.o
                0x000000001000321c                usbd_edpt_open
 .text.usbd_edpt_claim
                0x0000000010003250       0x28 CMakeFiles/led_task.dir/home/na_osdc/osdc/rpi_pico/pico/pico-sdk/lib/tinyusb/src/device/usbd.c.o
                0x0000000010003250                usbd_edpt_claim
 .text.usbd_edpt_release
                0x0000000010003278       0x28 CMakeFiles/led_task.dir/home/na_osdc/osdc/rpi_pico/pico/pico-sdk/lib/tinyusb/src/device/usbd.c.o
                0x0000000010003278                usbd_edpt_release
 .text.usbd_edpt_xfer
                0x00000000100032a0       0x4c CMakeFiles/led_task.dir/home/na_osdc/osdc/rpi_pico/pico/pico-sdk/lib/tinyusb/src/device/usbd.c.o
                0x00000000100032a0                usbd_edpt_xfer
 .text.tud_control_status
                0x00000000100032ec       0x30 CMakeFiles/led_task.dir/home/na_osdc/osdc/rpi_pico/pico/pico-sdk/lib/tinyusb/src/device/usbd_control.c.o
                0x00000000100032ec                tud_control_status
 .text.tud_control_xfer
                0x000000001000331c       0xbc CMakeFiles/led_task.dir/home/na_osdc/osdc/rpi_pico/pico/pico-sdk/lib/tinyusb/src/device/usbd_control.c.o
                0x000000001000331c                tud_control_xfer
 .text.usbd_control_reset
                0x00000000100033d8       0x14 CMakeFiles/led_task.dir/home/na_osdc/osdc/rpi_pico/pico/pico-sdk/lib/tinyusb/src/device/usbd_control.c.o
                0x00000000100033d8                usbd_control_reset
 .text.usbd_control_set_complete_callback
                0x00000000100033ec        0xc CMakeFiles/led_task.dir/home/na_osdc/osdc/rpi_pico/pico/pico-sdk/lib/tinyusb/src/device/usbd_control.c.o
                0x00000000100033ec                usbd_control_set_complete_callback
 .text.usbd_control_set_request
                0x00000000100033f8       0x1c CMakeFiles/led_task.dir/home/na_osdc/osdc/rpi_pico/pico/pico-sdk/lib/tinyusb/src/device/usbd_control.c.o
                0x00000000100033f8                usbd_control_set_request
 .text.usbd_control_xfer_cb
                0x0000000010003414       0xf0 CMakeFiles/led_task.dir/home/na_osdc/osdc/rpi_pico/pico/pico-sdk/lib/tinyusb/src/device/usbd_control.c.o
                0x0000000010003414                usbd_control_xfer_cb
 .text._prep_out_transaction.isra.0
                0x0000000010003504       0x6c CMakeFiles/led_task.dir/home/na_osdc/osdc/rpi_pico/pico/pico-sdk/lib/tinyusb/src/class/cdc/cdc_device.c.o
 .text.tud_cdc_n_connected
                0x0000000010003570       0x2c CMakeFiles/led_task.dir/home/na_osdc/osdc/rpi_pico/pico/pico-sdk/lib/tinyusb/src/class/cdc/cdc_device.c.o
                0x0000000010003570                tud_cdc_n_connected
 .text.tud_cdc_n_available
                0x000000001000359c       0x18 CMakeFiles/led_task.dir/home/na_osdc/osdc/rpi_pico/pico/pico-sdk/lib/tinyusb/src/class/cdc/cdc_device.c.o
                0x000000001000359c                tud_cdc_n_available
 .text.tud_cdc_n_read
                0x00000000100035b4       0x94 CMakeFiles/led_task.dir/home/na_osdc/osdc/rpi_pico/pico/pico-sdk/lib/tinyusb/src/class/cdc/cdc_device.c.o
                0x00000000100035b4                tud_cdc_n_read
 .text.tud_cdc_n_write_flush
                0x0000000010003648       0x78 CMakeFiles/led_task.dir/home/na_osdc/osdc/rpi_pico/pico/pico-sdk/lib/tinyusb/src/class/cdc/cdc_device.c.o
                0x0000000010003648                tud_cdc_n_write_flush
 .text.tud_cdc_n_write
                0x00000000100036c0       0x44 CMakeFiles/led_task.dir/home/na_osdc/osdc/rpi_pico/pico/pico-sdk/lib/tinyusb/src/class/cdc/cdc_device.c.o
                0x00000000100036c0                tud_cdc_n_write
 .text.tud_cdc_n_write_available
                0x0000000010003704       0x18 CMakeFiles/led_task.dir/home/na_osdc/osdc/rpi_pico/pico/pico-sdk/lib/tinyusb/src/class/cdc/cdc_device.c.o
                0x0000000010003704                tud_cdc_n_write_available
 .text.cdcd_init
                0x000000001000371c       0x70 CMakeFiles/led_task.dir/home/na_osdc/osdc/rpi_pico/pico/pico-sdk/lib/tinyusb/src/class/cdc/cdc_device.c.o
                0x000000001000371c                cdcd_init
 .text.cdcd_deinit
                0x000000001000378c       0x24 CMakeFiles/led_task.dir/home/na_osdc/osdc/rpi_pico/pico/pico-sdk/lib/tinyusb/src/class/cdc/cdc_device.c.o
                0x000000001000378c                cdcd_deinit
 .text.cdcd_reset
                0x00000000100037b0       0x4c CMakeFiles/led_task.dir/home/na_osdc/osdc/rpi_pico/pico/pico-sdk/lib/tinyusb/src/class/cdc/cdc_device.c.o
                0x00000000100037b0                cdcd_reset
 .text.cdcd_open
                0x00000000100037fc       0xa8 CMakeFiles/led_task.dir/home/na_osdc/osdc/rpi_pico/pico/pico-sdk/lib/tinyusb/src/class/cdc/cdc_device.c.o
                0x00000000100037fc                cdcd_open
 .text.cdcd_control_xfer_cb
                0x00000000100038a4       0xe8 CMakeFiles/led_task.dir/home/na_osdc/osdc/rpi_pico/pico/pico-sdk/lib/tinyusb/src/class/cdc/cdc_device.c.o
                0x00000000100038a4                cdcd_control_xfer_cb
 .text.cdcd_xfer_cb
                0x000000001000398c       0xfc CMakeFiles/led_task.dir/home/na_osdc/osdc/rpi_pico/pico/pico-sdk/lib/tinyusb/src/class/cdc/cdc_device.c.o
                0x000000001000398c                cdcd_xfer_cb
 .text.vendord_init
                0x0000000010003a88       0x5c CMakeFiles/led_task.dir/home/na_osdc/osdc/rpi_pico/pico/pico-sdk/lib/tinyusb/src/class/vendor/vendor_device.c.o
                0x0000000010003a88                vendord_init
 .text.vendord_deinit
                0x0000000010003ae4       0x1c CMakeFiles/led_task.dir/home/na_osdc/osdc/rpi_pico/pico/pico-sdk/lib/tinyusb/src/class/vendor/vendor_device.c.o
                0x0000000010003ae4                vendord_deinit
 .text.vendord_reset
                0x0000000010003b00       0x28 CMakeFiles/led_task.dir/home/na_osdc/osdc/rpi_pico/pico/pico-sdk/lib/tinyusb/src/class/vendor/vendor_device.c.o
                0x0000000010003b00                vendord_reset
 .text.vendord_open
                0x0000000010003b28      0x128 CMakeFiles/led_task.dir/home/na_osdc/osdc/rpi_pico/pico/pico-sdk/lib/tinyusb/src/class/vendor/vendor_device.c.o
                0x0000000010003b28                vendord_open
 .text.vendord_xfer_cb
                0x0000000010003c50       0x9c CMakeFiles/led_task.dir/home/na_osdc/osdc/rpi_pico/pico/pico-sdk/lib/tinyusb/src/class/vendor/vendor_device.c.o
                0x0000000010003c50                vendord_xfer_cb
 .text.tusb_rhport_init
                0x0000000010003cec       0x48 CMakeFiles/led_task.dir/home/na_osdc/osdc/rpi_pico/pico/pico-sdk/lib/tinyusb/src/tusb.c.o
                0x0000000010003cec                tusb_rhport_init
 .text.tu_edpt_claim
                0x0000000010003d34       0x50 CMakeFiles/led_task.dir/home/na_osdc/osdc/rpi_pico/pico/pico-sdk/lib/tinyusb/src/tusb.c.o
                0x0000000010003d34                tu_edpt_claim
 .text.tu_edpt_release
                0x0000000010003d84       0x38 CMakeFiles/led_task.dir/home/na_osdc/osdc/rpi_pico/pico/pico-sdk/lib/tinyusb/src/tusb.c.o
                0x0000000010003d84                tu_edpt_release
 .text.tu_edpt_validate
                0x0000000010003dbc       0x78 CMakeFiles/led_task.dir/home/na_osdc/osdc/rpi_pico/pico/pico-sdk/lib/tinyusb/src/tusb.c.o
                0x0000000010003dbc                tu_edpt_validate
 .text.tu_edpt_bind_driver
                0x0000000010003e34       0x34 CMakeFiles/led_task.dir/home/na_osdc/osdc/rpi_pico/pico/pico-sdk/lib/tinyusb/src/tusb.c.o
                0x0000000010003e34                tu_edpt_bind_driver
 .text.tu_edpt_stream_init
                0x0000000010003e68       0x6c CMakeFiles/led_task.dir/home/na_osdc/osdc/rpi_pico/pico/pico-sdk/lib/tinyusb/src/tusb.c.o
                0x0000000010003e68                tu_edpt_stream_init
 .text.tu_edpt_stream_deinit
                0x0000000010003ed4        0x4 CMakeFiles/led_task.dir/home/na_osdc/osdc/rpi_pico/pico/pico-sdk/lib/tinyusb/src/tusb.c.o
                0x0000000010003ed4                tu_edpt_stream_deinit
 .text.tu_edpt_stream_write_zlp_if_needed
                0x0000000010003ed8       0x58 CMakeFiles/led_task.dir/home/na_osdc/osdc/rpi_pico/pico/pico-sdk/lib/tinyusb/src/tusb.c.o
                0x0000000010003ed8                tu_edpt_stream_write_zlp_if_needed
 .text.tu_edpt_stream_write_xfer
                0x0000000010003f30       0x64 CMakeFiles/led_task.dir/home/na_osdc/osdc/rpi_pico/pico/pico-sdk/lib/tinyusb/src/tusb.c.o
                0x0000000010003f30                tu_edpt_stream_write_xfer
 .text.tu_edpt_stream_read_xfer
                0x0000000010003f94       0xdc CMakeFiles/led_task.dir/home/na_osdc/osdc/rpi_pico/pico/pico-sdk/lib/tinyusb/src/tusb.c.o
                0x0000000010003f94                tu_edpt_stream_read_xfer
 .text.tu_fifo_config
                0x0000000010004070       0x70 CMakeFiles/led_task.dir/home/na_osdc/osdc/rpi_pico/pico/pico-sdk/lib/tinyusb/src/common/tusb_fifo.c.o
                0x0000000010004070                tu_fifo_config
 .text.tu_fifo_count
                0x00000000100040e0       0x2c CMakeFiles/led_task.dir/home/na_osdc/osdc/rpi_pico/pico/pico-sdk/lib/tinyusb/src/common/tusb_fifo.c.o
                0x00000000100040e0                tu_fifo_count
 .text.tu_fifo_empty
                0x000000001000410c       0x10 CMakeFiles/led_task.dir/home/na_osdc/osdc/rpi_pico/pico/pico-sdk/lib/tinyusb/src/common/tusb_fifo.c.o
                0x000000001000410c                tu_fifo_empty
 .text.tu_fifo_remaining
                0x000000001000411c       0x2c CMakeFiles/led_task.dir/home/na_osdc/osdc/rpi_pico/pico/pico-sdk/lib/tinyusb/src/common/tusb_fifo.c.o
                0x000000001000411c                tu_fifo_remaining
 .text.tu_fifo_read
                0x0000000010004148       0xa0 CMakeFiles/led_task.dir/home/na_osdc/osdc/rpi_pico/pico/pico-sdk/lib/tinyusb/src/common/tusb_fifo.c.o
                0x0000000010004148                tu_fifo_read
 .text.tu_fifo_read_n
                0x00000000100041e8       0xec CMakeFiles/led_task.dir/home/na_osdc/osdc/rpi_pico/pico/pico-sdk/lib/tinyusb/src/common/tusb_fifo.c.o
                0x00000000100041e8                tu_fifo_read_n
 .text.tu_fifo_write
                0x00000000100042d4       0x88 CMakeFiles/led_task.dir/home/na_osdc/osdc/rpi_pico/pico/pico-sdk/lib/tinyusb/src/common/tusb_fifo.c.o
                0x00000000100042d4                tu_fifo_write
 .text.tu_fifo_write_n
                0x000000001000435c      0x168 CMakeFiles/led_task.dir/home/na_osdc/osdc/rpi_pico/pico/pico-sdk/lib/tinyusb/src/common/tusb_fifo.c.o
                0x000000001000435c                tu_fifo_write_n
 .text.tu_fifo_clear
                0x00000000100044c4       0x40 CMakeFiles/led_task.dir/home/na_osdc/osdc/rpi_pico/pico/pico-sdk/lib/tinyusb/src/common/tusb_fifo.c.o
                0x00000000100044c4                tu_fifo_clear
 .text.tu_fifo_set_overwritable
                0x0000000010004504       0x48 CMakeFiles/led_task.dir/home/na_osdc/osdc/rpi_pico/pico/pico-sdk/lib/tinyusb/src/common/tusb_fifo.c.o
                0x0000000010004504                tu_fifo_set_overwritable
 .text.exception_set_exclusive_handler
                0x000000001000454c       0x48 CMakeFiles/led_task.dir/home/na_osdc/osdc/rpi_pico/pico/pico-sdk/src/rp2_common/hardware_exception/exception.c.o
                0x000000001000454c                exception_set_exclusive_handler
 .text          0x0000000010004594     0x1f24 libFreeRTOS-Kernel.a(tasks.c.o)
                0x0000000010004878                xTaskCreateStatic
                0x0000000010004938                xTaskCreate
                0x0000000010004a0c                vTaskDelete
                0x0000000010004ac8                eTaskGetState
                0x0000000010004b50                uxTaskPriorityGet
                0x0000000010004b70                uxTaskPriorityGetFromISR
                0x0000000010004b90                uxTaskBasePriorityGet
                0x0000000010004bb0                uxTaskBasePriorityGetFromISR
                0x0000000010004bd0                vTaskPrioritySet
                0x0000000010004c90                vTaskSuspend
                0x0000000010004db0                vTaskResume
                0x0000000010004e40                xTaskResumeFromISR
                0x0000000010004ef4                vTaskStartScheduler
                0x0000000010004f9c                vTaskEndScheduler
                0x000000001000501c                vTaskSuspendAll
                0x000000001000502c                xTaskResumeAll
                0x000000001000516c                xTaskDelayUntil
                0x000000001000520c                vTaskDelay
                0x0000000010005348                xTaskGetTickCount
                0x0000000010005354                xTaskGetTickCountFromISR
                0x0000000010005360                uxTaskGetNumberOfTasks
                0x000000001000536c                pcTaskGetName
                0x0000000010005380                xTaskGetHandle
                0x00000000100055c8                xTaskGetStaticBuffers
                0x0000000010005600                xTaskGetIdleTaskHandle
                0x000000001000560c                xTaskGetIdleTaskHandleForCore
                0x000000001000561c                vTaskStepTick
                0x0000000010005650                xTaskCatchUpTicks
                0x000000001000567c                xTaskAbortDelay
                0x000000001000575c                xTaskIncrementTick
                0x0000000010005780                vTaskSetApplicationTaskTag
                0x00000000100057a0                xTaskGetApplicationTaskTag
                0x00000000100057c0                xTaskGetApplicationTaskTagFromISR
                0x00000000100057e0                xTaskCallApplicationTaskHook
                0x0000000010005808                vTaskSwitchContext
                0x00000000100058a8                vTaskPlaceOnEventList
                0x000000001000593c                vTaskPlaceOnUnorderedEventList
                0x00000000100059f4                vTaskPlaceOnEventListRestricted
                0x0000000010005abc                xTaskRemoveFromEventList
                0x0000000010005ba4                vTaskRemoveFromUnorderedEventList
                0x0000000010005c54                vTaskSetTimeOutState
                0x0000000010005c70                vTaskInternalSetTimeOutState
                0x0000000010005c80                xTaskCheckForTimeOut
                0x0000000010005cec                vTaskMissedYield
                0x0000000010005cf8                eTaskConfirmSleepModeStatus
                0x0000000010005d30                uxTaskGetStackHighWaterMark
                0x0000000010005d54                xTaskGetCurrentTaskHandle
                0x0000000010005d60                xTaskGetCurrentTaskHandleForCore
                0x0000000010005d74                xTaskGetSchedulerState
                0x0000000010005d8c                xTaskPriorityInherit
                0x0000000010005e20                xTaskPriorityDisinherit
                0x0000000010005e84                vTaskPriorityDisinheritAfterTimeout
                0x0000000010005f04                uxTaskResetEventItemValue
                0x0000000010005f1c                pvTaskIncrementMutexHeldCount
                0x0000000010005f30                ulTaskGenericNotifyTake
                0x0000000010005fe4                xTaskGenericNotifyWait
                0x00000000100060ac                xTaskGenericNotify
                0x00000000100061ac                xTaskGenericNotifyFromISR
                0x00000000100062f8                vTaskGenericNotifyGiveFromISR
                0x00000000100063f8                xTaskGenericNotifyStateClear
                0x0000000010006428                ulTaskGenericNotifyValueClear
                0x0000000010006458                vApplicationGetIdleTaskMemory
                0x0000000010006470                vApplicationGetTimerTaskMemory
                0x0000000010006488                vTaskResetState
 .text          0x00000000100064b8     0x1008 libFreeRTOS-Kernel.a(queue.c.o)
                0x000000001000669c                xQueueGenericReset
                0x000000001000673c                xQueueGenericCreateStatic
                0x00000000100067e0                xQueueGenericGetStaticBuffers
                0x0000000010006800                xQueueGenericCreate
                0x00000000100068a0                xQueueCreateCountingSemaphoreStatic
                0x0000000010006904                xQueueCreateCountingSemaphore
                0x000000001000696c                xQueueGenericSend
                0x0000000010006b38                xQueueCreateMutexStatic
                0x0000000010006b9c                xQueueGiveMutexRecursive
                0x0000000010006bc8                xQueueCreateMutex
                0x0000000010006c34                xQueueGenericSendFromISR
                0x0000000010006d6c                xQueueGiveFromISR
                0x0000000010006de8                xQueueReceive
                0x0000000010006f04                xQueueSemaphoreTake
                0x0000000010007054                xQueueTakeMutexRecursive
                0x0000000010007084                xQueuePeek
                0x0000000010007194                xQueueReceiveFromISR
                0x0000000010007224                xQueuePeekFromISR
                0x0000000010007264                uxQueueMessagesWaiting
                0x0000000010007278                uxQueueSpacesAvailable
                0x0000000010007290                uxQueueMessagesWaitingFromISR
                0x0000000010007294                vQueueDelete
                0x00000000100072a8                uxQueueGetQueueItemSize
                0x00000000100072ac                uxQueueGetQueueLength
                0x00000000100072b0                xQueueIsQueueEmptyFromISR
                0x00000000100072b8                xQueueIsQueueFullFromISR
                0x00000000100072c4                vQueueWaitForMessageRestricted
                0x000000001000730c                xQueueCreateSet
                0x000000001000737c                xQueueCreateSetStatic
                0x00000000100073e4                xQueueAddToSet
                0x000000001000740c                xQueueRemoveFromSet
                0x0000000010007430                xQueueSelectFromSet
                0x0000000010007448                xQueueSelectFromSetFromISR
 .text          0x00000000100074c0       0x8c libFreeRTOS-Kernel.a(list.c.o)
                0x00000000100074c0                vListInitialise
                0x00000000100074dc                vListInitialiseItem
                0x00000000100074e4                vListInsertEnd
                0x00000000100074fc                vListInsert
                0x000000001000752c                uxListRemove
 .text          0x000000001000754c      0x6c0 libFreeRTOS-Kernel.a(timers.c.o)
                0x0000000010007890                xTimerCreateTimerTask
                0x0000000010007920                xTimerCreate
                0x00000000100079c8                xTimerCreateStatic
                0x0000000010007a6c                xTimerGenericCommandFromTask
                0x0000000010007ab4                xTimerGenericCommandFromISR
                0x0000000010007ae8                xTimerGetTimerDaemonTaskHandle
                0x0000000010007af4                xTimerGetPeriod
                0x0000000010007af8                vTimerSetReloadMode
                0x0000000010007b1c                xTimerGetReloadMode
                0x0000000010007b34                uxTimerGetReloadMode
                0x0000000010007b4c                xTimerGetExpiryTime
                0x0000000010007b50                xTimerGetStaticBuffer
                0x0000000010007b64                pcTimerGetName
                0x0000000010007b68                xTimerIsTimerActive
                0x0000000010007b80                pvTimerGetTimerID
                0x0000000010007b94                vTimerSetTimerID
                0x0000000010007ba8                xTimerPendFunctionCallFromISR
                0x0000000010007bd0                xTimerPendFunctionCall
                0x0000000010007bf8                vTimerResetState
 *fill*         0x0000000010007c0c        0x4 
 .text          0x0000000010007c10      0x30c libFreeRTOS-Kernel.a(port.c.o)
                0x0000000010007c44                isr_pendsv
                0x0000000010007cac                isr_svcall
                0x0000000010007cb0                pxPortInitialiseStack
                0x0000000010007cd0                vPortEndScheduler
                0x0000000010007cd4                vPortYield
                0x0000000010007cec                vPortEnterCritical
                0x0000000010007d04                vPortExitCritical
                0x0000000010007d18                ulSetInterruptMaskFromISR
                0x0000000010007d20                vClearInterruptMaskFromISR
                0x0000000010007d28                isr_systick
                0x0000000010007d4c                vYieldCore
                0x0000000010007d50                vPortSetupTimerInterrupt
                0x0000000010007da8                xPortStartScheduler
                0x0000000010007e04                vPortSuppressTicksAndSleep
 .text          0x0000000010007f1c      0x278 libFreeRTOS-Kernel.a(heap_4.c.o)
                0x0000000010007f1c                pvPortMalloc
                0x0000000010008014                vPortFree
                0x0000000010008090                xPortGetFreeHeapSize
                0x000000001000809c                xPortGetMinimumEverFreeHeapSize
                0x00000000100080a8                xPortResetHeapMinimumEverFreeHeapSize
                0x00000000100080b4                vPortInitialiseBlocks
                0x00000000100080b8                pvPortCalloc
                0x0000000010008104                vPortGetHeapStats
                0x0000000010008180                vPortHeapResetState
 .text          0x0000000010008194       0x5c /usr/lib/gcc/arm-none-eabi/10.3.1/../../../arm-none-eabi/lib/thumb/v6-m/nofp/libg.a(lib_a-strlen-stub.o)
                0x0000000010008194                strlen
 *(.fini)
 .fini          0x00000000100081f0        0x4 /usr/lib/gcc/arm-none-eabi/10.3.1/thumb/v6-m/nofp/crti.o
                0x00000000100081f0                _fini
 *fill*         0x00000000100081f4        0x4 
 .fini.__stub   0x00000000100081f8       0xc0 linker stubs
 *crtbegin.o(.ctors)
 *crtbegin?.o(.ctors)
 *(EXCLUDE_FILE(*crtend.o *crtend?.o) .ctors)
 *(SORT_BY_NAME(.ctors.*))
 *(.ctors)
 *crtbegin.o(.dtors)
 *crtbegin?.o(.dtors)
 *(EXCLUDE_FILE(*crtend.o *crtend?.o) .dtors)
 *(SORT_BY_NAME(.dtors.*))
 *(.dtors)
                0x00000000100082b8                . = ALIGN (0x4)
                0x00000000100082b8                PROVIDE (__preinit_array_start = .)
 *(SORT_BY_NAME(.preinit_array.*))
 .preinit_array.00100
                0x00000000100082b8        0x4 CMakeFiles/led_task.dir/home/na_osdc/osdc/rpi_pico/pico/pico-sdk/src/rp2_common/pico_runtime_init/runtime_init.c.o
                0x00000000100082b8                __pre_init_runtime_init_early_resets
 .preinit_array.00101
                0x00000000100082bc        0x4 CMakeFiles/led_task.dir/home/na_osdc/osdc/rpi_pico/pico/pico-sdk/src/rp2_common/pico_runtime_init/runtime_init.c.o
                0x00000000100082bc                __pre_init_runtime_init_usb_power_down
 .preinit_array.00275
                0x00000000100082c0        0x4 CMakeFiles/led_task.dir/home/na_osdc/osdc/rpi_pico/pico/pico-sdk/src/rp2_common/pico_bit_ops/bit_ops_aeabi.S.o
 .preinit_array.00300
                0x00000000100082c4        0x4 CMakeFiles/led_task.dir/home/na_osdc/osdc/rpi_pico/pico/pico-sdk/src/rp2_common/pico_mem_ops/mem_ops_aeabi.S.o
 .preinit_array.00350
                0x00000000100082c8        0x4 CMakeFiles/led_task.dir/home/na_osdc/osdc/rpi_pico/pico/pico-sdk/src/rp2_common/pico_double/double_aeabi_rp2040.S.o
 .preinit_array.00350
                0x00000000100082cc        0x4 CMakeFiles/led_task.dir/home/na_osdc/osdc/rpi_pico/pico/pico-sdk/src/rp2_common/pico_float/float_aeabi_rp2040.S.o
 .preinit_array.00500
                0x00000000100082d0        0x4 CMakeFiles/led_task.dir/home/na_osdc/osdc/rpi_pico/pico/pico-sdk/src/rp2_common/pico_runtime_init/runtime_init.c.o
                0x00000000100082d0                __pre_init_runtime_init_clocks
 .preinit_array.00600
                0x00000000100082d4        0x4 CMakeFiles/led_task.dir/home/na_osdc/osdc/rpi_pico/pico/pico-sdk/src/rp2_common/pico_runtime_init/runtime_init.c.o
                0x00000000100082d4                __pre_init_runtime_init_post_clock_resets
 .preinit_array.00700
                0x00000000100082d8        0x4 CMakeFiles/led_task.dir/home/na_osdc/osdc/rpi_pico/pico/pico-sdk/src/rp2_common/pico_runtime_init/runtime_init.c.o
                0x00000000100082d8                __pre_init_runtime_init_rp2040_gpio_ie_disable
 .preinit_array.01000
                0x00000000100082dc        0x4 CMakeFiles/led_task.dir/home/na_osdc/osdc/rpi_pico/pico/pico-sdk/src/rp2_common/pico_runtime_init/runtime_init.c.o
                0x00000000100082dc                __pre_init_runtime_init_spin_locks_reset
 .preinit_array.01100
                0x00000000100082e0        0x4 CMakeFiles/led_task.dir/home/na_osdc/osdc/rpi_pico/pico/pico-sdk/src/common/pico_sync/mutex.c.o
                0x00000000100082e0                __pre_init_runtime_init_mutex
 .preinit_array.10080
                0x00000000100082e4        0x4 CMakeFiles/led_task.dir/home/na_osdc/osdc/rpi_pico/pico/pico-sdk/src/rp2_common/pico_runtime_init/runtime_init.c.o
                0x00000000100082e4                __pre_init_runtime_init_install_ram_vector_table
 .preinit_array.11000
                0x00000000100082e8        0x4 CMakeFiles/led_task.dir/home/na_osdc/osdc/rpi_pico/pico/pico-sdk/src/common/pico_time/time.c.o
                0x00000000100082e8                __pre_init_runtime_init_default_alarm_pool
 .preinit_array.YYYYY
                0x00000000100082ec        0x4 CMakeFiles/led_task.dir/home/na_osdc/osdc/rpi_pico/pico/pico-sdk/src/rp2_common/pico_runtime/runtime.c.o
                0x00000000100082ec                __pre_init_first_per_core_initializer
 .preinit_array.ZZZZZ.01200
                0x00000000100082f0        0x4 CMakeFiles/led_task.dir/home/na_osdc/osdc/rpi_pico/pico/pico-sdk/src/rp2_common/hardware_irq/irq.c.o
                0x00000000100082f0                __pre_init_runtime_init_per_core_irq_priorities
 *(.preinit_array)
                0x00000000100082f4                PROVIDE (__preinit_array_end = .)
                0x00000000100082f4                . = ALIGN (0x4)
                0x00000000100082f4                PROVIDE (__init_array_start = .)
 *(SORT_BY_NAME(.init_array.*))
 *(.init_array)
 .init_array    0x00000000100082f4        0x4 /usr/lib/gcc/arm-none-eabi/10.3.1/thumb/v6-m/nofp/crtbegin.o
 .init_array    0x00000000100082f8        0x4 CMakeFiles/led_task.dir/home/na_osdc/osdc/rpi_pico/pico/pico-sdk/src/rp2_common/pico_unique_id/unique_id.c.o
                0x00000000100082fc                PROVIDE (__init_array_end = .)
                0x00000000100082fc                . = ALIGN (0x4)
                0x00000000100082fc                PROVIDE (__fini_array_start = .)
 *(SORT_BY_NAME(.fini_array.*))
 *(.fini_array)
                0x00000000100082fc                PROVIDE (__fini_array_end = .)
 *(.eh_frame*)
 .eh_frame      0x00000000100082fc        0x0 /usr/lib/gcc/arm-none-eabi/10.3.1/thumb/v6-m/nofp/crtbegin.o
                0x00000000100082fc                . = ALIGN (0x4)

.glue_7         0x00000000100082fc        0x0
 .glue_7        0x00000000100082fc        0x0 linker stubs

.glue_7t        0x00000000100082fc        0x0
 .glue_7t       0x00000000100082fc        0x0 linker stubs

.vfp11_veneer   0x00000000100082fc        0x0
 .vfp11_veneer  0x00000000100082fc        0x0 linker stubs

.v4_bx          0x00000000100082fc        0x0
 .v4_bx         0x00000000100082fc        0x0 linker stubs

.iplt           0x00000000100082fc        0x0
 .iplt          0x00000000100082fc        0x0 /usr/lib/gcc/arm-none-eabi/10.3.1/thumb/v6-m/nofp/crtbegin.o

.rodata         0x00000000100082fc      0x4cc
 *(EXCLUDE_FILE(*libm.a: *libc.a:*lib_a-mem*.o *libgcc.a:) .rodata*)
 .rodata.led_on_task.str1.4
                0x00000000100082fc       0x14 CMakeFiles/led_task.dir/main.c.o
 .rodata.led_off_task.str1.4
                0x0000000010008310       0x16 CMakeFiles/led_task.dir/main.c.o
 *fill*         0x0000000010008326        0x2 
 .rodata.main.str1.4
                0x0000000010008328       0x4f CMakeFiles/led_task.dir/main.c.o
 *fill*         0x0000000010008377        0x1 
 .rodata.panic.str1.4
                0x0000000010008378       0x12 CMakeFiles/led_task.dir/home/na_osdc/osdc/rpi_pico/pico/pico-sdk/src/rp2_common/pico_platform_panic/panic.c.o
 *fill*         0x000000001000838a        0x2 
 .rodata.panic_unsupported.str1.4
                0x000000001000838c        0xe CMakeFiles/led_task.dir/home/na_osdc/osdc/rpi_pico/pico/pico-sdk/src/rp2_common/pico_platform_panic/panic.c.o
 *fill*         0x000000001000839a        0x2 
 .rodata.spin_lock_claim_unused.str1.4
                0x000000001000839c       0x1b CMakeFiles/led_task.dir/home/na_osdc/osdc/rpi_pico/pico/pico-sdk/src/rp2_common/hardware_sync/sync.c.o
 *fill*         0x00000000100083b7        0x1 
 .rodata.user_irq_claim_unused.str1.4
                0x00000000100083b8       0x1b CMakeFiles/led_task.dir/home/na_osdc/osdc/rpi_pico/pico/pico-sdk/src/rp2_common/hardware_irq/irq.c.o
 *fill*         0x00000000100083d3        0x1 
 .rodata.timer_hardware_alarm_claim.str1.4
                0x00000000100083d4       0x22 CMakeFiles/led_task.dir/home/na_osdc/osdc/rpi_pico/pico/pico-sdk/src/rp2_common/hardware_timer/timer.c.o
 *fill*         0x00000000100083f6        0x2 
 .rodata.hard_assertion_failure.str1.4
                0x00000000100083f8        0xc CMakeFiles/led_task.dir/home/na_osdc/osdc/rpi_pico/pico/pico-sdk/src/rp2_common/pico_runtime/runtime.c.o
 .rodata.str1.4
                0x0000000010008404       0x40 CMakeFiles/led_task.dir/home/na_osdc/osdc/rpi_pico/pico/pico-sdk/src/rp2_common/pico_standard_binary_info/standard_binary_info.c.o
 .rodata.__bi_26
                0x0000000010008444        0xc CMakeFiles/led_task.dir/home/na_osdc/osdc/rpi_pico/pico/pico-sdk/src/rp2_common/pico_standard_binary_info/standard_binary_info.c.o
 .rodata.__bi_34
                0x0000000010008450        0xc CMakeFiles/led_task.dir/home/na_osdc/osdc/rpi_pico/pico/pico-sdk/src/rp2_common/pico_standard_binary_info/standard_binary_info.c.o
 .rodata.__bi_42
                0x000000001000845c        0xc CMakeFiles/led_task.dir/home/na_osdc/osdc/rpi_pico/pico/pico-sdk/src/rp2_common/pico_standard_binary_info/standard_binary_info.c.o
 .rodata.__bi_48
                0x0000000010008468        0xc CMakeFiles/led_task.dir/home/na_osdc/osdc/rpi_pico/pico/pico-sdk/src/rp2_common/pico_standard_binary_info/standard_binary_info.c.o
 .rodata.__bi_54
                0x0000000010008474        0xc CMakeFiles/led_task.dir/home/na_osdc/osdc/rpi_pico/pico/pico-sdk/src/rp2_common/pico_standard_binary_info/standard_binary_info.c.o
 .rodata.__bi_78
                0x0000000010008480        0xc CMakeFiles/led_task.dir/home/na_osdc/osdc/rpi_pico/pico/pico-sdk/src/rp2_common/pico_standard_binary_info/standard_binary_info.c.o
 .rodata.__bi_84
                0x000000001000848c        0xc CMakeFiles/led_task.dir/home/na_osdc/osdc/rpi_pico/pico/pico-sdk/src/rp2_common/pico_standard_binary_info/standard_binary_info.c.o
 .rodata.crlf_str.0
                0x0000000010008498        0x2 CMakeFiles/led_task.dir/home/na_osdc/osdc/rpi_pico/pico/pico-sdk/src/rp2_common/pico_stdio/stdio.c.o
 *fill*         0x000000001000849a        0x2 
 .rodata._resetd_driver
                0x000000001000849c       0x20 CMakeFiles/led_task.dir/home/na_osdc/osdc/rpi_pico/pico/pico-sdk/src/rp2_common/pico_stdio_usb/reset_interface.c.o
 .rodata.desc_bos
                0x00000000100084bc       0x21 CMakeFiles/led_task.dir/home/na_osdc/osdc/rpi_pico/pico/pico-sdk/src/rp2_common/pico_stdio_usb/reset_interface.c.o
                0x00000000100084bc                desc_bos
 *fill*         0x00000000100084dd        0x3 
 .rodata.desc_ms_os_20
                0x00000000100084e0       0xa6 CMakeFiles/led_task.dir/home/na_osdc/osdc/rpi_pico/pico/pico-sdk/src/rp2_common/pico_stdio_usb/reset_interface.c.o
 *fill*         0x0000000010008586        0x2 
 .rodata.str1.4
                0x0000000010008588       0x13 CMakeFiles/led_task.dir/home/na_osdc/osdc/rpi_pico/pico/pico-sdk/src/rp2_common/pico_stdio_usb/stdio_usb.c.o
 *fill*         0x000000001000859b        0x1 
 .rodata.__bi_197.0
                0x000000001000859c        0xc CMakeFiles/led_task.dir/home/na_osdc/osdc/rpi_pico/pico/pico-sdk/src/rp2_common/pico_stdio_usb/stdio_usb.c.o
 .rodata.str1.4
                0x00000000100085a8       0x2a CMakeFiles/led_task.dir/home/na_osdc/osdc/rpi_pico/pico/pico-sdk/src/rp2_common/pico_stdio_usb/stdio_usb_descriptors.c.o
 *fill*         0x00000000100085d2        0x2 
 .rodata.usbd_desc_cfg
                0x00000000100085d4       0x54 CMakeFiles/led_task.dir/home/na_osdc/osdc/rpi_pico/pico/pico-sdk/src/rp2_common/pico_stdio_usb/stdio_usb_descriptors.c.o
 .rodata.usbd_desc_device
                0x0000000010008628       0x12 CMakeFiles/led_task.dir/home/na_osdc/osdc/rpi_pico/pico/pico-sdk/src/rp2_common/pico_stdio_usb/stdio_usb_descriptors.c.o
 *fill*         0x000000001000863a        0x2 
 .rodata.usbd_desc_str
                0x000000001000863c       0x18 CMakeFiles/led_task.dir/home/na_osdc/osdc/rpi_pico/pico/pico-sdk/src/rp2_common/pico_stdio_usb/stdio_usb_descriptors.c.o
 .rodata.str1.4
                0x0000000010008654       0x14 CMakeFiles/led_task.dir/home/na_osdc/osdc/rpi_pico/pico/pico-sdk/lib/tinyusb/src/portable/raspberrypi/rp2040/dcd_rp2040.c.o
 .rodata.str1.4
                0x0000000010008668       0x48 CMakeFiles/led_task.dir/home/na_osdc/osdc/rpi_pico/pico/pico-sdk/lib/tinyusb/src/portable/raspberrypi/rp2040/rp2040_usb.c.o
 .rodata.tud_task_ext
                0x00000000100086b0       0x8c CMakeFiles/led_task.dir/home/na_osdc/osdc/rpi_pico/pico/pico-sdk/lib/tinyusb/src/device/usbd.c.o
 .rodata        0x000000001000873c       0x1c CMakeFiles/led_task.dir/home/na_osdc/osdc/rpi_pico/pico/pico-sdk/lib/tinyusb/src/device/usbd.c.o
 .rodata._usbd_driver
                0x0000000010008758       0x40 CMakeFiles/led_task.dir/home/na_osdc/osdc/rpi_pico/pico/pico-sdk/lib/tinyusb/src/device/usbd.c.o
 .rodata        0x0000000010008798       0x28 libFreeRTOS-Kernel.a(timers.c.o)
 .rodata.str1.4
                0x00000000100087c0        0x8 libFreeRTOS-Kernel.a(timers.c.o)
                0x00000000100087c8                . = ALIGN (0x4)
 *(SORT_BY_ALIGNMENT(SORT_BY_NAME(.flashdata*)))
                0x00000000100087c8                . = ALIGN (0x4)

.ARM.extab
 *(.ARM.extab* .gnu.linkonce.armextab.*)
                0x00000000100087c8                __exidx_start = .

.ARM.exidx
 *(.ARM.exidx* .gnu.linkonce.armexidx.*)
                0x00000000100087c8                __exidx_end = .
                0x00000000100087c8                . = ALIGN (0x4)
                0x00000000100087c8                __binary_info_start = .

.binary_info    0x00000000100087c8       0x20
 *(.binary_info.keep.*)
 .binary_info.keep.__bi_ptr26
                0x00000000100087c8        0x4 CMakeFiles/led_task.dir/home/na_osdc/osdc/rpi_pico/pico/pico-sdk/src/rp2_common/pico_standard_binary_info/standard_binary_info.c.o
 .binary_info.keep.__bi_ptr34
                0x00000000100087cc        0x4 CMakeFiles/led_task.dir/home/na_osdc/osdc/rpi_pico/pico/pico-sdk/src/rp2_common/pico_standard_binary_info/standard_binary_info.c.o
 .binary_info.keep.__bi_ptr42
                0x00000000100087d0        0x4 CMakeFiles/led_task.dir/home/na_osdc/osdc/rpi_pico/pico/pico-sdk/src/rp2_common/pico_standard_binary_info/standard_binary_info.c.o
 .binary_info.keep.__bi_ptr48
                0x00000000100087d4        0x4 CMakeFiles/led_task.dir/home/na_osdc/osdc/rpi_pico/pico/pico-sdk/src/rp2_common/pico_standard_binary_info/standard_binary_info.c.o
 .binary_info.keep.__bi_ptr54
                0x00000000100087d8        0x4 CMakeFiles/led_task.dir/home/na_osdc/osdc/rpi_pico/pico/pico-sdk/src/rp2_common/pico_standard_binary_info/standard_binary_info.c.o
 .binary_info.keep.__bi_ptr78
                0x00000000100087dc        0x4 CMakeFiles/led_task.dir/home/na_osdc/osdc/rpi_pico/pico/pico-sdk/src/rp2_common/pico_standard_binary_info/standard_binary_info.c.o
 .binary_info.keep.__bi_ptr84
                0x00000000100087e0        0x4 CMakeFiles/led_task.dir/home/na_osdc/osdc/rpi_pico/pico/pico-sdk/src/rp2_common/pico_standard_binary_info/standard_binary_info.c.o
 *(.binary_info.*)
 .binary_info.__bi_ptr197
                0x00000000100087e4        0x4 CMakeFiles/led_task.dir/home/na_osdc/osdc/rpi_pico/pico/pico-sdk/src/rp2_common/pico_stdio_usb/stdio_usb.c.o
                0x00000000100087e8                __binary_info_end = .

.rel.dyn        0x00000000100087e8        0x0
 .rel.iplt      0x00000000100087e8        0x0 /usr/lib/gcc/arm-none-eabi/10.3.1/thumb/v6-m/nofp/crtbegin.o
                0x00000000100087e8                . = ALIGN (0x4)

.ram_vector_table
                0x0000000020000000       0xc0
 *(.ram_vector_table)
 .ram_vector_table
                0x0000000020000000       0xc0 CMakeFiles/led_task.dir/home/na_osdc/osdc/rpi_pico/pico/pico-sdk/src/rp2_common/pico_runtime_init/runtime_init.c.o
                0x0000000020000000                ram_vector_table

.uninitialized_data
                0x00000000200000c0        0x0
                0x00000000200000c0                . = ALIGN (0x4)
 *(.uninitialized_data*)

.data           0x00000000200000c0      0xfd4 load address 0x00000000100087e8
                0x00000000200000c0                __data_start__ = .
 *(vtable)
 *(.time_critical*)
 .time_critical.mutex_try_enter
                0x00000000200000c0       0x44 CMakeFiles/led_task.dir/home/na_osdc/osdc/rpi_pico/pico/pico-sdk/src/common/pico_sync/mutex.c.o
                0x00000000200000c0                mutex_try_enter
 .time_critical.mutex_try_enter_block_until
                0x0000000020000104       0x9c CMakeFiles/led_task.dir/home/na_osdc/osdc/rpi_pico/pico/pico-sdk/src/common/pico_sync/mutex.c.o
                0x0000000020000104                mutex_try_enter_block_until
 .time_critical.mutex_enter_timeout_ms
                0x00000000200001a0       0x90 CMakeFiles/led_task.dir/home/na_osdc/osdc/rpi_pico/pico/pico-sdk/src/common/pico_sync/mutex.c.o
                0x00000000200001a0                mutex_enter_timeout_ms
 .time_critical.mutex_exit
                0x0000000020000230       0x28 CMakeFiles/led_task.dir/home/na_osdc/osdc/rpi_pico/pico/pico-sdk/src/common/pico_sync/mutex.c.o
                0x0000000020000230                mutex_exit
 .time_critical.flash_init_boot2_copyout
                0x0000000020000258       0x30 CMakeFiles/led_task.dir/home/na_osdc/osdc/rpi_pico/pico/pico-sdk/src/rp2_common/hardware_flash/flash.c.o
 .time_critical.flash_enable_xip_via_boot2
                0x0000000020000288       0x10 CMakeFiles/led_task.dir/home/na_osdc/osdc/rpi_pico/pico/pico-sdk/src/rp2_common/hardware_flash/flash.c.o
 .time_critical.flash_cs_force
                0x0000000020000298       0x38 CMakeFiles/led_task.dir/home/na_osdc/osdc/rpi_pico/pico/pico-sdk/src/rp2_common/hardware_flash/flash.c.o
 .time_critical.flash_do_cmd
                0x00000000200002d0       0xc4 CMakeFiles/led_task.dir/home/na_osdc/osdc/rpi_pico/pico/pico-sdk/src/rp2_common/hardware_flash/flash.c.o
                0x00000000200002d0                flash_do_cmd
 .time_critical.reset_non_control_endpoints
                0x0000000020000394       0xbc CMakeFiles/led_task.dir/home/na_osdc/osdc/rpi_pico/pico/pico-sdk/lib/tinyusb/src/portable/raspberrypi/rp2040/dcd_rp2040.c.o
 .time_critical.hw_handle_buff_status
                0x0000000020000450       0x98 CMakeFiles/led_task.dir/home/na_osdc/osdc/rpi_pico/pico/pico-sdk/lib/tinyusb/src/portable/raspberrypi/rp2040/dcd_rp2040.c.o
 .time_critical.dcd_rp2040_irq
                0x00000000200004e8      0x530 CMakeFiles/led_task.dir/home/na_osdc/osdc/rpi_pico/pico/pico-sdk/lib/tinyusb/src/portable/raspberrypi/rp2040/dcd_rp2040.c.o
 .time_critical.prepare_ep_buffer
                0x0000000020000a18       0xf4 CMakeFiles/led_task.dir/home/na_osdc/osdc/rpi_pico/pico/pico-sdk/lib/tinyusb/src/portable/raspberrypi/rp2040/rp2040_usb.c.o
 .time_critical.sync_ep_buffer
                0x0000000020000b0c       0xb4 CMakeFiles/led_task.dir/home/na_osdc/osdc/rpi_pico/pico/pico-sdk/lib/tinyusb/src/portable/raspberrypi/rp2040/rp2040_usb.c.o
 .time_critical._hw_endpoint_xfer_sync
                0x0000000020000bc0       0x28 CMakeFiles/led_task.dir/home/na_osdc/osdc/rpi_pico/pico/pico-sdk/lib/tinyusb/src/portable/raspberrypi/rp2040/rp2040_usb.c.o
 .time_critical.e15_is_bulkin_ep
                0x0000000020000be8       0x28 CMakeFiles/led_task.dir/home/na_osdc/osdc/rpi_pico/pico/pico-sdk/lib/tinyusb/src/portable/raspberrypi/rp2040/rp2040_usb.c.o
 .time_critical.e15_is_critical_frame_period
                0x0000000020000c10       0x34 CMakeFiles/led_task.dir/home/na_osdc/osdc/rpi_pico/pico/pico-sdk/lib/tinyusb/src/portable/raspberrypi/rp2040/rp2040_usb.c.o
 .time_critical.hw_endpoint_reset_transfer
                0x0000000020000c44        0xc CMakeFiles/led_task.dir/home/na_osdc/osdc/rpi_pico/pico/pico-sdk/lib/tinyusb/src/portable/raspberrypi/rp2040/rp2040_usb.c.o
                0x0000000020000c44                hw_endpoint_reset_transfer
 .time_critical._hw_endpoint_buffer_control_update32
                0x0000000020000c50       0x50 CMakeFiles/led_task.dir/home/na_osdc/osdc/rpi_pico/pico/pico-sdk/lib/tinyusb/src/portable/raspberrypi/rp2040/rp2040_usb.c.o
                0x0000000020000c50                _hw_endpoint_buffer_control_update32
 .time_critical.hw_endpoint_start_next_buffer
                0x0000000020000ca0       0x6c CMakeFiles/led_task.dir/home/na_osdc/osdc/rpi_pico/pico/pico-sdk/lib/tinyusb/src/portable/raspberrypi/rp2040/rp2040_usb.c.o
                0x0000000020000ca0                hw_endpoint_start_next_buffer
 .time_critical.hw_endpoint_xfer_continue
                0x0000000020000d0c       0x40 CMakeFiles/led_task.dir/home/na_osdc/osdc/rpi_pico/pico/pico-sdk/lib/tinyusb/src/portable/raspberrypi/rp2040/rp2040_usb.c.o
                0x0000000020000d0c                hw_endpoint_xfer_continue
 .time_critical.tinyusb
                0x0000000020000d4c      0x1f0 CMakeFiles/led_task.dir/home/na_osdc/osdc/rpi_pico/pico/pico-sdk/lib/tinyusb/src/device/usbd.c.o
                0x0000000020000d4c                dcd_event_handler
 *(.text*)
 .text          0x0000000020000f3c        0x4 /usr/lib/gcc/arm-none-eabi/10.3.1/thumb/v6-m/nofp/libgcc.a(_dvmd_tls.o)
                0x0000000020000f3c                __aeabi_ldiv0
                0x0000000020000f3c                __aeabi_idiv0
 .text.__stub   0x0000000020000f40       0x80 linker stubs
                0x0000000020000fc0                . = ALIGN (0x4)
 *(.rodata*)
                0x0000000020000fc0                . = ALIGN (0x4)
 *(.data*)
 .data.striped_spin_lock_num
                0x0000000020000fc0        0x1 CMakeFiles/led_task.dir/home/na_osdc/osdc/rpi_pico/pico/pico-sdk/src/rp2_common/hardware_sync/sync.c.o
 *fill*         0x0000000020000fc1        0x3 
 .data          0x0000000020000fc4       0x48 CMakeFiles/led_task.dir/home/na_osdc/osdc/rpi_pico/pico/pico-sdk/src/rp2_common/hardware_irq/irq_handler_chain.S.o
                0x0000000020000fc4                irq_handler_chain_slots
                0x0000000020000ff4                irq_handler_chain_first_slot
                0x0000000020000ffe                irq_handler_chain_remove_tail
 .data.default_alarm_pool
                0x000000002000100c       0x18 CMakeFiles/led_task.dir/home/na_osdc/osdc/rpi_pico/pico/pico-sdk/src/common/pico_time/time.c.o
 *fill*         0x0000000020001024        0xc 
 .data.aeabi_bits_funcs
                0x0000000020001030       0x10 CMakeFiles/led_task.dir/home/na_osdc/osdc/rpi_pico/pico/pico-sdk/src/rp2_common/pico_bit_ops/bit_ops_aeabi.S.o
                0x0000000020001030                aeabi_bits_funcs
                0x0000000020001040                aeabi_bits_funcs_end
 .data.aeabi_mem_funcs
                0x0000000020001040       0x10 CMakeFiles/led_task.dir/home/na_osdc/osdc/rpi_pico/pico/pico-sdk/src/rp2_common/pico_mem_ops/mem_ops_aeabi.S.o
                0x0000000020001040                aeabi_mem_funcs
                0x0000000020001050                aeabi_mem_funcs_end
 .data.stdio_usb
                0x0000000020001050       0x18 CMakeFiles/led_task.dir/home/na_osdc/osdc/rpi_pico/pico/pico-sdk/src/rp2_common/pico_stdio_usb/stdio_usb.c.o
                0x0000000020001050                stdio_usb
 .data._usbd_qdef
                0x0000000020001068       0x1c CMakeFiles/led_task.dir/home/na_osdc/osdc/rpi_pico/pico/pico-sdk/lib/tinyusb/src/device/usbd.c.o
                0x0000000020001068                _usbd_qdef
 .data._usbd_rhport
                0x0000000020001084        0x1 CMakeFiles/led_task.dir/home/na_osdc/osdc/rpi_pico/pico/pico-sdk/lib/tinyusb/src/device/usbd.c.o
 *fill*         0x0000000020001085        0x3 
 .data          0x0000000020001088        0x4 libFreeRTOS-Kernel.a(tasks.c.o)
                0x000000002000108c                . = ALIGN (0x4)
 *(.after_data.*)
                0x000000002000108c                . = ALIGN (0x4)
                0x000000002000108c                PROVIDE (__mutex_array_start = .)
 *(SORT_BY_NAME(.mutex_array.*))
 *(.mutex_array)
 .mutex_array   0x000000002000108c        0x8 CMakeFiles/led_task.dir/home/na_osdc/osdc/rpi_pico/pico/pico-sdk/src/rp2_common/pico_stdio/stdio.c.o
                0x0000000020001094                PROVIDE (__mutex_array_end = .)
                0x0000000020001094                . = ALIGN (0x4)
 *(.jcr)
                0x0000000020001094                . = ALIGN (0x4)

.tm_clone_table
                0x0000000020001094        0x0 load address 0x00000000100097bc
 .tm_clone_table
                0x0000000020001094        0x0 /usr/lib/gcc/arm-none-eabi/10.3.1/thumb/v6-m/nofp/crtbegin.o
 .tm_clone_table
                0x0000000020001094        0x0 /usr/lib/gcc/arm-none-eabi/10.3.1/thumb/v6-m/nofp/crtend.o

.igot.plt       0x0000000020001094        0x0 load address 0x00000000100097bc
 .igot.plt      0x0000000020001094        0x0 /usr/lib/gcc/arm-none-eabi/10.3.1/thumb/v6-m/nofp/crtbegin.o

.tdata          0x0000000020001094        0x0 load address 0x00000000100097bc
                0x0000000020001094                . = ALIGN (0x4)
 *(.tdata .tdata.* .gnu.linkonce.td.*)
                0x0000000020001094                __tdata_end = .
                0x0000000020001094                PROVIDE (__data_end__ = .)
                0x00000000100087e8                __etext = LOADADDR (.data)

.tbss           0x0000000020001094        0x0 load address 0x00000000100097bc
                0x0000000020001094                . = ALIGN (0x4)
                0x0000000020001094                __bss_start__ = .
                0x0000000020001094                __tls_base = .
 *(.tbss .tbss.* .gnu.linkonce.tb.*)
 *(.tcommon)
                0x0000000020001094                __tls_end = .

.bss            0x0000000020001098     0x2664 load address 0x00000000100097bc
                0x0000000020001098                . = ALIGN (0x4)
                0x0000000020001098                __tbss_end = .
 *(SORT_BY_ALIGNMENT(SORT_BY_NAME(.bss*)))
 .bss.default_alarm_pool_entries
                0x0000000020001098      0x180 CMakeFiles/led_task.dir/home/na_osdc/osdc/rpi_pico/pico/pico-sdk/src/common/pico_time/time.c.o
 .bss.last_avail_time.1
                0x0000000020001218        0x8 CMakeFiles/led_task.dir/home/na_osdc/osdc/rpi_pico/pico/pico-sdk/src/rp2_common/pico_stdio_usb/stdio_usb.c.o
 .bss.sd_table  0x0000000020001220      0x100 CMakeFiles/led_task.dir/home/na_osdc/osdc/rpi_pico/pico/pico-sdk/src/rp2_common/pico_double/double_init_rom_rp2040.c.o
                0x0000000020001220                sd_table
 .bss.sf_table  0x0000000020001320      0x100 CMakeFiles/led_task.dir/home/na_osdc/osdc/rpi_pico/pico/pico-sdk/src/rp2_common/pico_float/float_init_rom_rp2040.c.o
                0x0000000020001320                sf_table
 .bss           0x0000000020001420       0x1c /usr/lib/gcc/arm-none-eabi/10.3.1/thumb/v6-m/nofp/crtbegin.o
 .bss           0x000000002000143c      0x5ec libFreeRTOS-Kernel.a(tasks.c.o)
                0x0000000020001440                pxCurrentTCB
 .bss           0x0000000020001a28      0x148 libFreeRTOS-Kernel.a(timers.c.o)
 .bss           0x0000000020001b70       0x10 libFreeRTOS-Kernel.a(port.c.o)
 .bss           0x0000000020001b80     0x101c libFreeRTOS-Kernel.a(heap_4.c.o)
 .bss._app_driver
                0x0000000020002b9c        0x4 CMakeFiles/led_task.dir/home/na_osdc/osdc/rpi_pico/pico/pico-sdk/lib/tinyusb/src/device/usbd.c.o
 .bss._cdcd_epbuf
                0x0000000020002ba0       0x80 CMakeFiles/led_task.dir/home/na_osdc/osdc/rpi_pico/pico/pico-sdk/lib/tinyusb/src/class/cdc/cdc_device.c.o
 .bss._cdcd_fifo_cfg
                0x0000000020002c20        0x1 CMakeFiles/led_task.dir/home/na_osdc/osdc/rpi_pico/pico/pico-sdk/lib/tinyusb/src/class/cdc/cdc_device.c.o
 *fill*         0x0000000020002c21        0x3 
 .bss._cdcd_itf
                0x0000000020002c24       0xc8 CMakeFiles/led_task.dir/home/na_osdc/osdc/rpi_pico/pico/pico-sdk/lib/tinyusb/src/class/cdc/cdc_device.c.o
 .bss._ctrl_epbuf
                0x0000000020002cec       0x40 CMakeFiles/led_task.dir/home/na_osdc/osdc/rpi_pico/pico/pico-sdk/lib/tinyusb/src/device/usbd_control.c.o
 .bss._ctrl_xfer
                0x0000000020002d2c       0x14 CMakeFiles/led_task.dir/home/na_osdc/osdc/rpi_pico/pico/pico-sdk/lib/tinyusb/src/device/usbd_control.c.o
 .bss._tusb_rhport_role
                0x0000000020002d40        0x2 CMakeFiles/led_task.dir/home/na_osdc/osdc/rpi_pico/pico/pico-sdk/lib/tinyusb/src/tusb.c.o
                0x0000000020002d40                _tusb_rhport_role
 *fill*         0x0000000020002d42        0x2 
 .bss._ubsd_mutexdef
                0x0000000020002d44        0x8 CMakeFiles/led_task.dir/home/na_osdc/osdc/rpi_pico/pico/pico-sdk/lib/tinyusb/src/device/usbd.c.o
 .bss._usbd_dev
                0x0000000020002d4c       0x54 CMakeFiles/led_task.dir/home/na_osdc/osdc/rpi_pico/pico/pico-sdk/lib/tinyusb/src/device/usbd.c.o
 .bss._usbd_mutex
                0x0000000020002da0        0x4 CMakeFiles/led_task.dir/home/na_osdc/osdc/rpi_pico/pico/pico-sdk/lib/tinyusb/src/device/usbd.c.o
 .bss._usbd_q   0x0000000020002da4        0x4 CMakeFiles/led_task.dir/home/na_osdc/osdc/rpi_pico/pico/pico-sdk/lib/tinyusb/src/device/usbd.c.o
 .bss._usbd_qdef_buf
                0x0000000020002da8       0xc0 CMakeFiles/led_task.dir/home/na_osdc/osdc/rpi_pico/pico/pico-sdk/lib/tinyusb/src/device/usbd.c.o
                0x0000000020002da8                _usbd_qdef_buf
 .bss._vendord_epbuf
                0x0000000020002e68       0x80 CMakeFiles/led_task.dir/home/na_osdc/osdc/rpi_pico/pico/pico-sdk/lib/tinyusb/src/class/vendor/vendor_device.c.o
 .bss._vendord_itf
                0x0000000020002ee8      0x24c CMakeFiles/led_task.dir/home/na_osdc/osdc/rpi_pico/pico/pico-sdk/lib/tinyusb/src/class/vendor/vendor_device.c.o
 .bss.boot2_copyout
                0x0000000020003134      0x100 CMakeFiles/led_task.dir/home/na_osdc/osdc/rpi_pico/pico/pico-sdk/src/rp2_common/hardware_flash/flash.c.o
 .bss.chars_available_callback
                0x0000000020003234        0x4 CMakeFiles/led_task.dir/home/na_osdc/osdc/rpi_pico/pico/pico-sdk/src/rp2_common/pico_stdio_usb/stdio_usb.c.o
 .bss.chars_available_param
                0x0000000020003238        0x4 CMakeFiles/led_task.dir/home/na_osdc/osdc/rpi_pico/pico/pico-sdk/src/rp2_common/pico_stdio_usb/stdio_usb.c.o
 .bss.claimed   0x000000002000323c        0x4 CMakeFiles/led_task.dir/home/na_osdc/osdc/rpi_pico/pico/pico-sdk/src/rp2_common/hardware_sync/sync.c.o
 .bss.claimed   0x0000000020003240        0x1 CMakeFiles/led_task.dir/home/na_osdc/osdc/rpi_pico/pico/pico-sdk/src/rp2_common/hardware_timer/timer.c.o
 *fill*         0x0000000020003241        0x3 
 .bss.configured_freq
                0x0000000020003244       0x28 CMakeFiles/led_task.dir/home/na_osdc/osdc/rpi_pico/pico/pico-sdk/src/rp2_common/hardware_clocks/clocks.c.o
 .bss.desc_str.0
                0x000000002000326c       0x28 CMakeFiles/led_task.dir/home/na_osdc/osdc/rpi_pico/pico/pico-sdk/src/rp2_common/pico_stdio_usb/stdio_usb_descriptors.c.o
 .bss.drivers   0x0000000020003294        0x4 CMakeFiles/led_task.dir/home/na_osdc/osdc/rpi_pico/pico/pico-sdk/src/rp2_common/pico_stdio/stdio.c.o
 .bss.e15_last_sof
                0x0000000020003298        0x4 CMakeFiles/led_task.dir/home/na_osdc/osdc/rpi_pico/pico/pico-sdk/lib/tinyusb/src/portable/raspberrypi/rp2040/rp2040_usb.c.o
                0x0000000020003298                e15_last_sof
 .bss.filter    0x000000002000329c        0x4 CMakeFiles/led_task.dir/home/na_osdc/osdc/rpi_pico/pico/pico-sdk/src/rp2_common/pico_stdio/stdio.c.o
 .bss.hw_endpoints
                0x00000000200032a0      0x400 CMakeFiles/led_task.dir/home/na_osdc/osdc/rpi_pico/pico/pico-sdk/lib/tinyusb/src/portable/raspberrypi/rp2040/dcd_rp2040.c.o
 .bss.lazy_vsnprintf
                0x00000000200036a0        0x4 CMakeFiles/led_task.dir/home/na_osdc/osdc/rpi_pico/pico/pico-sdk/src/rp2_common/pico_printf/printf.c.o
 .bss.led_semaphore
                0x00000000200036a4        0x4 CMakeFiles/led_task.dir/main.c.o
                0x00000000200036a4                led_semaphore
 .bss.load_value
                0x00000000200036a8        0x4 CMakeFiles/led_task.dir/home/na_osdc/osdc/rpi_pico/pico/pico-sdk/src/rp2_common/hardware_watchdog/watchdog.c.o
 .bss.next_buffer_ptr
                0x00000000200036ac        0x4 CMakeFiles/led_task.dir/home/na_osdc/osdc/rpi_pico/pico/pico-sdk/lib/tinyusb/src/portable/raspberrypi/rp2040/dcd_rp2040.c.o
 .bss.one_shot_timer_crit_sec
                0x00000000200036b0        0x8 CMakeFiles/led_task.dir/home/na_osdc/osdc/rpi_pico/pico/pico-sdk/src/rp2_common/pico_stdio_usb/stdio_usb.c.o
 .bss.pools     0x00000000200036b8       0x10 CMakeFiles/led_task.dir/home/na_osdc/osdc/rpi_pico/pico/pico-sdk/src/common/pico_time/time.c.o
 .bss.retrieved_id
                0x00000000200036c8        0x8 CMakeFiles/led_task.dir/home/na_osdc/osdc/rpi_pico/pico/pico-sdk/src/rp2_common/pico_unique_id/unique_id.c.o
 .bss.sf_clz_func
                0x00000000200036d0        0x4 CMakeFiles/led_task.dir/home/na_osdc/osdc/rpi_pico/pico/pico-sdk/src/rp2_common/pico_double/double_init_rom_rp2040.c.o
                0x00000000200036d0                sf_clz_func
 .bss.sleep_notifier
                0x00000000200036d4        0x4 CMakeFiles/led_task.dir/home/na_osdc/osdc/rpi_pico/pico/pico-sdk/src/common/pico_time/time.c.o
 .bss.stdio_usb_mutex
                0x00000000200036d8        0x8 CMakeFiles/led_task.dir/home/na_osdc/osdc/rpi_pico/pico/pico-sdk/src/rp2_common/pico_stdio_usb/stdio_usb.c.o
 .bss.usbd_serial_str
                0x00000000200036e0       0x11 CMakeFiles/led_task.dir/home/na_osdc/osdc/rpi_pico/pico/pico-sdk/src/rp2_common/pico_stdio_usb/stdio_usb_descriptors.c.o
 .bss._app_driver_count
                0x00000000200036f1        0x1 CMakeFiles/led_task.dir/home/na_osdc/osdc/rpi_pico/pico/pico-sdk/lib/tinyusb/src/device/usbd.c.o
 .bss._sof_enable
                0x00000000200036f2        0x1 CMakeFiles/led_task.dir/home/na_osdc/osdc/rpi_pico/pico/pico-sdk/lib/tinyusb/src/portable/raspberrypi/rp2040/dcd_rp2040.c.o
 .bss._usbd_queued_setup
                0x00000000200036f3        0x1 CMakeFiles/led_task.dir/home/na_osdc/osdc/rpi_pico/pico/pico-sdk/lib/tinyusb/src/device/usbd.c.o
 .bss.boot2_copyout_valid
                0x00000000200036f4        0x1 CMakeFiles/led_task.dir/home/na_osdc/osdc/rpi_pico/pico/pico-sdk/src/rp2_common/hardware_flash/flash.c.o
 .bss.irq_handler_chain_free_slot_head
                0x00000000200036f5        0x1 CMakeFiles/led_task.dir/home/na_osdc/osdc/rpi_pico/pico/pico-sdk/src/rp2_common/hardware_irq/irq.c.o
 .bss.itf_num   0x00000000200036f6        0x1 CMakeFiles/led_task.dir/home/na_osdc/osdc/rpi_pico/pico/pico-sdk/src/rp2_common/pico_stdio_usb/reset_interface.c.o
 .bss.low_priority_irq_num
                0x00000000200036f7        0x1 CMakeFiles/led_task.dir/home/na_osdc/osdc/rpi_pico/pico/pico-sdk/src/rp2_common/pico_stdio_usb/stdio_usb.c.o
 .bss.one_shot_timer_pending
                0x00000000200036f8        0x1 CMakeFiles/led_task.dir/home/na_osdc/osdc/rpi_pico/pico/pico-sdk/src/rp2_common/pico_stdio_usb/stdio_usb.c.o
 .bss.user_irq_claimed
                0x00000000200036f9        0x1 CMakeFiles/led_task.dir/home/na_osdc/osdc/rpi_pico/pico/pico-sdk/src/rp2_common/hardware_irq/irq.c.o
 *(COMMON)
                0x00000000200036fc                . = ALIGN (0x4)
 *fill*         0x00000000200036fa        0x2 
                0x00000000200036fc                __bss_end__ = .

.heap           0x00000000200036fc      0x800 load address 0x00000000100097bc
                0x00000000200036fc                __end__ = .